requested 11:48:01
lock acquired 11:54:17
P1 build 2026-08-23 16:00 + 720 x 60 s -> /Users/rzalagbada/hb-overnight/wt/gate/ui/data/p1
  none: max 122.1% (3.0 s)
  naive: max 201.2% (6.0 s)
  aware: max 119.5% (9.0 s)
  aware_faults (12.1 s)
  wrote meta.json 31 KB
  wrote none.json 1827 KB
  wrote naive.json 1944 KB
  wrote aware.json 1949 KB
  wrote aware_faults.json 1949 KB
P1 build: 2884 OpenDSS solves in 12.1 s (4.2 ms/step incl. controller); Tc 22:00 ; 7.52 MB
BUILD p1: OK (13 s)
BUILD: PASS
--- git status after build:
--- end status
P1 2026-08-23 16:00->04:00 | 720 x 60 s | none,naive,aware,aware_faults | OpenDSS solves 2884 | 2.1 ms/solve (engine.json)
prices REAL LZ_NORTH sha256 0487b9d1... | loads SIM SMART-DS 2018 same date, 15->1 min (DERIVED) | battery pf 1.0 (ASSUMPTION) | controller view: total transformer load, 60 s lag (ASSUMPTION)
plan DERIVED: discharge 19:45 20:00 21:00 21:15 (+20:15 13 min) | onset 22:00 $55.42 (D-26 binding, 2 x median 37.215)   [INVARIANT]
labels : every headline metric labelled (133 labelled, 0 bare)   [INVARIANT]
aware  : battery-caused normal 0 ; battery-caused emergency 0   [INVARIANT]
         reserve breaches 0 (summary 0) ; charged by 04:00 100.0% (>= 95%)   [INVARIANT]
         non-increasing seq accepted 0 ; commands acted on after expiry 0 (69120 commands issued, 0 refused)   [INVARIANT]
         battery-caused minutes >100%: 0   [EXPECT: 0] ok
faults : comms_lost Tc+15 (22:15) on Home 0222, command +19.0 kW (nonzero) ; stale at +3 ; expired + idle, backup armed, at +5 (<= +5) ; covered 0 s after expiry (<= 60 s)   [INVARIANT]
         stall Tc+55 8 min: 30 live commands, all expired by +4 (<= +5) ; battery-caused normal 0 / emergency 0   [INVARIANT]
         hot C Tc+35 (+7.2 kW EV): max 46.8% ; back <= 100% after 0 steps ; C's batteries +0.0 -> +0.0 -> +0.0 kW at Tc+34..+36 (not charging when the EV arrives: the throttle is not exercised)   [EXPECT: back <= 100% within 2 steps] ok
none   : A peak 122.1% at 16:45 (driver Home 0212 res_kw_38274_pu) ; 240 peak 119.5% at 16:45 ; normal-tier events 0 ; emergency 0   [EXPECT: A > 110, peak in 16:30-17:00] ok
naive  : normal-tier events 11 ; emergency tfs 3 ; A max 201.2% at 22:30 (above 200% for 9 min; the ASSUMPTION fuse needs 10) ; back-feed max 139.7% on tf 246 at 21:29 ; protection operated: none (ASSUMPTION rule)   [EXPECT: normal >= 1 ; emergency >= 1 ; back-feed > 110 on >= 1 tf] ok
relief : A at its peak none 122.1% -> aware 97.8% ; minutes > 100% none 17 -> aware 0 ; relief kW 6.92, kWh 1.194 ; driver Home 0212 res_kw_38274_pu (22.7 kW; also Home 0409 tf 240, Home 0504 tf 103)   [EXPECT: aware <= 100%, 0 min] ok
bridge : unrelieved (home load only, no battery): tf 240 119.5% at 16:45, driver Home 0409 res_kw_38274_pu -> P2   [report]
rotation: hand-offs among A-D 99 (5.4.3 definition) ; kWh charged per focus tf 55.1/51.6/48.5/92.1 ; min distinct A-D batteries charging per 10 min 0 (9 batteries, 36 windows from Tc)   [EXPECT: n >= 3 ; each >= 1 kWh ; m >= 3] REFUTED
grid   : none: min service voltage 0.9865 pu = 118.4 V (Home 0504, 16:45) ; voltage stays in range at unity pf (SIM) ; feeder head max 80.4% of 370 A at 17:00 ; after the onset max 47.9% at 22:00   [report]
grid   : naive: min service voltage 0.9707 pu = 116.5 V (Home 0111, 22:00) ; voltage stays in range at unity pf (SIM) ; feeder head max 80.4% of 370 A at 17:00 ; after the onset max 73.9% at 22:00   [report]
grid   : aware: min service voltage 0.9771 pu = 117.3 V (Home 0111, 22:10) ; voltage stays in range at unity pf (SIM) ; feeder head max 80.4% of 370 A at 17:00 ; after the onset max 57.4% at 22:05   [report]
grid   : aware_faults: min service voltage 0.9771 pu = 117.3 V (Home 0111, 22:10) ; voltage stays in range at unity pf (SIM) ; feeder head max 80.4% of 370 A at 17:00 ; after the onset max 57.4% at 22:05   [report]
money  : energy value naive $893.83 / aware $916.56 / aware_faults $917.77 (DERIVED) ; cost of awareness $-22.73 (DERIVED, may be negative)   [report]
scale  : 40 kW (2 batteries on A) = 160% of A's 25 kVA can ; 0.5% of the feeder head (7,991.5 kVA) ; 0.000049% of ERCOT (81,612 MW peak demand, 2026-09-25 16:40 CT) (DERIVED)   [INVARIANT]
determinism: rebuild byte-identical (5 files)   [INVARIANT]
VERIFY p1: PASS (1 expectations refuted, see NOTES.md: rotation)
lock released 11:54:43
exit 0
