TAP version 13
# Subtest: format: a bare number throws, a labelled one formats with its chip
ok 1 - format: a bare number throws, a labelled one formats with its chip
  ---
  duration_ms: 9.696166
  type: 'test'
  ...
# Subtest: format: quantized bulk values
ok 2 - format: quantized bulk values
  ---
  duration_ms: 0.074333
  type: 'test'
  ...
# Subtest: format: time <-> step across midnight
ok 3 - format: time <-> step across midnight
  ---
  duration_ms: 0.134125
  type: 'test'
  ...
# Subtest: data: parseLink defaults, validation and round trip
ok 4 - data: parseLink defaults, validation and round trip
  ---
  duration_ms: 0.993125
  type: 'test'
  ...
# Subtest: data: a beat sets every key it names
ok 5 - data: a beat sets every key it names
  ---
  duration_ms: 0.143625
  type: 'test'
  ...
# Subtest: data: real file first, fixture on 404 (and the page is marked)
ok 6 - data: real file first, fixture on 404 (and the page is marked)
  ---
  duration_ms: 0.264208
  type: 'test'
  ...
# Subtest: static demo: no absolute http(s) URL in any src, href, import, fetch or url() (vendor excluded)
ok 7 - static demo: no absolute http(s) URL in any src, href, import, fetch or url() (vendor excluded)
  ---
  duration_ms: 1.716167
  type: 'test'
  ...
# Subtest: shell: index.html carries the health flags and loads the vendored deck.gl 9.4.0
ok 8 - shell: index.html carries the health flags and loads the vendored deck.gl 9.4.0
  ---
  duration_ms: 1.279625
  type: 'test'
  ...
# Subtest: shell: the stubs export the agreed names
ok 9 - shell: the stubs export the agreed names
  ---
  duration_ms: 1.375708
  type: 'test'
  ...
# Subtest: topology.json: 1,010 homes, 379 transformers, 96 batteries, focus A-D by id
ok 10 - topology.json: 1,010 homes, 379 transformers, 96 batteries, focus A-D by id
  ---
  duration_ms: 1.600084
  type: 'test'
  ...
1..10
# tests 10
# suites 0
# pass 10
# fail 0
# cancelled 0
# skipped 0
# todo 0
# duration_ms 87.252875
