SCREEN view=p1&branch=none&t=16:45&cam=street status=ready webgl=ok errors=0 fixture=0 offsite=0 chars=7220
SCREEN view=p1&branch=aware&t=16:45 status=ready webgl=ok errors=0 fixture=0 offsite=0 chars=7638
SCREEN view=p1&branch=naive&t=22:30 status=ready webgl=ok errors=0 fixture=0 offsite=0 chars=7481
SCREEN view=p1&branch=aware&t=22:30 status=ready webgl=ok errors=0 fixture=0 offsite=0 chars=7348
SCREEN view=p1&branch=aware_faults&t=22:16 status=ready webgl=ok errors=0 fixture=0 offsite=0 chars=7708
SCREEN view=p1&branch=naive&t=20:00&cam=feeder status=ready webgl=ok errors=0 fixture=0 offsite=0 chars=7297
SCREEN view=p1&branch=aware&t=22:30&nowebgl=1 status=ready webgl=fallback errors=0 fixture=0 offsite=0 chars=7348
SCREEN view=p2&combo=aware-core-d26-g0 status=ready webgl=ok errors=0 fixture=0 offsite=0 chars=8634
SCREEN view=p2&combo=naive-core-d26-g0&home=p1ulv24700 status=ready webgl=ok errors=0 fixture=0 offsite=0 chars=7600
SCREEN view=p2&combo=aware-core-d26-g0&n=5 status=ready webgl=ok errors=0 fixture=0 offsite=0 chars=8737
SCREEN view=more status=ready webgl=ok errors=0 fixture=0 offsite=0 chars=12503
SCREEN view=p1&branch=naive&t=16:00&cam=street&beat=problem status=ready webgl=ok errors=0 fixture=0 offsite=0 chars=7764
SCREEN view=p1&branch=aware&t=16:45&cam=street&beat=peak-relief status=ready webgl=ok errors=0 fixture=0 offsite=0 chars=8214
SCREEN view=p2&combo=aware-core-d26-g0&beat=insight status=ready webgl=ok errors=0 fixture=0 offsite=0 chars=8976
SCREEN view=p1&branch=naive&t=20:00&cam=street&beat=backfeed status=ready webgl=ok errors=0 fixture=0 offsite=0 chars=7712
SCREEN view=p1&branch=naive&t=22:30&cam=street&beat=rebound-naive status=ready webgl=ok errors=0 fixture=0 offsite=0 chars=8135
SCREEN view=p1&branch=aware&t=22:30&cam=street&beat=rebound-aware status=ready webgl=ok errors=0 fixture=0 offsite=0 chars=7901
SCREEN view=p1&branch=aware_faults&t=22:16&cam=street&beat=faults status=ready webgl=ok errors=0 fixture=0 offsite=0 chars=8487
SCREEN view=p2&combo=aware-core-d26-g0&n=5&beat=p2-controls status=ready webgl=ok errors=0 fixture=0 offsite=0 chars=9060
SCREEN view=p2&combo=naive-core-d26-g0&beat=p2-flip status=ready webgl=ok errors=0 fixture=0 offsite=0 chars=9035
SCREEN view=p2&combo=aware-core-d26-g0&n=10&beat=p2-capacity status=ready webgl=ok errors=0 fixture=0 offsite=0 chars=9429
SCREEN view=more&beat=money status=ready webgl=ok errors=0 fixture=0 offsite=0 chars=13116
SCREEN view=more&beat=plug-in status=ready webgl=ok errors=0 fixture=0 offsite=0 chars=12870
