contract beats.json                                         8.3 KB  ok
contract ems/freq-series.json                             108.2 KB  ok
contract ems/index.json                                     2.8 KB  ok
contract ems/synth-console.json                            77.3 KB  ok
contract engine.json                                        1.9 KB  ok
contract fixtures/p1/aware.json                           328.4 KB  ok
contract fixtures/p1/aware_faults.json                    328.2 KB  ok
contract fixtures/p1/meta.json                             10.8 KB  ok
contract fixtures/p1/naive.json                           322.4 KB  ok
contract fixtures/p1/none.json                            303.1 KB  ok
contract fixtures/p2/aware-core-cheapest-g0.json          127.8 KB  ok
contract fixtures/p2/aware-core-cheapest-g20.json         130.1 KB  ok
contract fixtures/p2/aware-core-d26-g0.json               127.8 KB  ok
contract fixtures/p2/aware-core-d26-g20.json              130.1 KB  ok
contract fixtures/p2/aware-legacy-cheapest-g0.json        127.8 KB  ok
contract fixtures/p2/aware-legacy-cheapest-g20.json       130.1 KB  ok
contract fixtures/p2/aware-legacy-d26-g0.json             127.8 KB  ok
contract fixtures/p2/aware-legacy-d26-g20.json            130.1 KB  ok
contract fixtures/p2/index.json                            32.0 KB  ok
contract fixtures/p2/naive-core-cheapest-g0.json          145.3 KB  ok
contract fixtures/p2/naive-core-cheapest-g20.json         146.8 KB  ok
contract fixtures/p2/naive-core-d26-g0.json               145.3 KB  ok
contract fixtures/p2/naive-core-d26-g20.json              146.8 KB  ok
contract fixtures/p2/naive-legacy-cheapest-g0.json        143.5 KB  ok
contract fixtures/p2/naive-legacy-cheapest-g20.json       144.9 KB  ok
contract fixtures/p2/naive-legacy-d26-g0.json             143.5 KB  ok
contract fixtures/p2/naive-legacy-d26-g20.json            144.8 KB  ok
contract footprints.json                                  638.1 KB  ok
contract p1/aware.json                                   1948.6 KB  ok
contract p1/aware_faults.json                            1948.5 KB  ok
contract p1/chaos.json                                    162.4 KB  ok
contract p1/meta.json                                      31.1 KB  ok
contract p1/naive.json                                   1943.6 KB  ok
contract p1/none.json                                    1826.9 KB  ok
contract p2/aware-core-cheapest-g0.json                   250.1 KB  ok
contract p2/aware-core-cheapest-g20.json                  251.1 KB  ok
contract p2/aware-core-d26-g0.json                        259.7 KB  ok
contract p2/aware-core-d26-g20.json                       250.7 KB  ok
contract p2/aware-legacy-cheapest-g0.json                 249.2 KB  ok
contract p2/aware-legacy-cheapest-g20.json                250.6 KB  ok
contract p2/aware-legacy-d26-g0.json                      248.8 KB  ok
contract p2/aware-legacy-d26-g20.json                     250.8 KB  ok
contract p2/index.json                                     93.0 KB  ok
contract p2/naive-core-cheapest-g0.json                   256.7 KB  ok
contract p2/naive-core-cheapest-g20.json                  256.7 KB  ok
contract p2/naive-core-d26-g0.json                        266.7 KB  ok
contract p2/naive-core-d26-g20.json                       256.8 KB  ok
contract p2/naive-legacy-cheapest-g0.json                 255.2 KB  ok
contract p2/naive-legacy-cheapest-g20.json                256.4 KB  ok
contract p2/naive-legacy-d26-g0.json                      255.3 KB  ok
contract p2/naive-legacy-d26-g20.json                     255.1 KB  ok
contract topology.json                                    320.2 KB  ok
contract total 52 files, 16.31 MB (budget 25.0 MB, 4.0 MB per file); 31689 labelled numbers
CONTRACTS: PASS (52 files, 16.31 MB, 31689 labelled numbers)
