TAP version 13
# Subtest: risk control changes an actual candidate ranking
ok 1 - risk control changes an actual candidate ranking
  ---
  duration_ms: 8.907542
  type: 'test'
  ...
# Subtest: narrative reflects physics and selected branch
ok 2 - narrative reflects physics and selected branch
  ---
  duration_ms: 0.158458
  type: 'test'
  ...
# Subtest: five-minute playback labels
ok 3 - five-minute playback labels
  ---
  duration_ms: 0.062125
  type: 'test'
  ...
1..3
# tests 3
# suites 0
# pass 3
# fail 0
# cancelled 0
# skipped 0
# todo 0
# duration_ms 92.318708
