CHECK root=/Users/rzalagbada/hb-overnight/hb head=cbe9700 lane=l2-p1 full=0 py=/Users/rzalagbada/hb-overnight/.venv/bin/python logs=/Users/rzalagbada/hb-overnight/tmp/check-hb
== 1 unit
STEP unit: PASS (Ran 118 tests)
== 2 node
STEP node: PASS (# pass 86 # fail 0 )
== 3 keep (7.1)
keep: grid-stories py ok (Ran 8 tests) ; grid-stories node ok (# pass 3 # fail 0 ) ; four-home ok (Ran 17 tests)
STEP keep: PASS (prototype 8 + 3, four-home 17)
== 4 contract
contract total 52 files, 16.29 MB (budget 25.0 MB, 4.0 MB per file); 31631 labelled numbers
CONTRACTS: PASS (52 files, 16.29 MB, 31631 labelled numbers)
STEP contract: PASS ((52 files, 16.29 MB, 31631 labelled numbers))
== 5 verify
VERIFY labels: PASS (49 files, 31631 labelled numbers)
VERIFY p1: PASS (1 expectations refuted, see NOTES.md: rotation)
VERIFY p2: PASS (0 expectations refuted, see NOTES.md)
STEP verify: PASS (labels p1 p2)
== 6 paths
PATHS: PASS (0 changed paths, all inside lane l2-p1; base cbe9700)
STEP paths: PASS (lane l2-p1)
== 7 smoke
SMOKE root=/Users/rzalagbada/hb-overnight/hb port=52030 mode=--lane links=9 shots=/Users/rzalagbada/hb-overnight/tmp/shots-hb
SMOKE view=p1&branch=none&t=16:45&cam=street ok | status=ready webgl=ok errors=0 fixture=0 offsite=0 | 9969 ms | 600 KB | 1966 colours
SMOKE view=p1&branch=aware&t=16:45 ok | status=ready webgl=ok errors=0 fixture=0 offsite=0 | 4868 ms | 789 KB | 1692 colours
SMOKE view=p1&branch=naive&t=22:30 ok | status=ready webgl=ok errors=0 fixture=0 offsite=0 | 3958 ms | 784 KB | 1738 colours
SMOKE view=p1&branch=aware&t=22:30 ok | status=ready webgl=ok errors=0 fixture=0 offsite=0 | 4305 ms | 783 KB | 1702 colours
SMOKE view=p1&branch=aware_faults&t=22:16 ok | status=ready webgl=ok errors=0 fixture=0 offsite=0 | 4200 ms | 778 KB | 1661 colours
SMOKE view=p1&branch=naive&t=20:00&cam=feeder ok | status=ready webgl=ok errors=0 fixture=0 offsite=0 | 3976 ms | 786 KB | 1699 colours
SMOKE view=p1&branch=aware&t=22:30&nowebgl=1 ok | status=ready webgl=fallback errors=0 fixture=0 offsite=0 | 1339 ms | 409 KB | 825 colours
SMOKE view=p2&combo=aware-core-d26-g0 ok | status=ready webgl=ok errors=0 fixture=0 offsite=0 | 4085 ms | 752 KB | 1623 colours
SMOKE view=more ok | status=ready webgl=ok errors=0 fixture=0 offsite=0 | 5507 ms | 653 KB | 707 colours
SMOKE: 9/9 ok
STEP smoke: PASS (SMOKE: 9/9 ok)
CHECK took 58 s
ALL CHECKS: PASS
