CHECK root=/Users/rzalagbada/hb-overnight/hb head=a79a1d9 lane=l3-p2 full=0 py=/Users/rzalagbada/hb-overnight/.venv/bin/python logs=/Users/rzalagbada/hb-overnight/tmp/check-hb
== 1 unit
STEP unit: PASS (Ran 121 tests)
== 2 node
STEP node: PASS (# pass 86 # fail 0 )
== 3 keep (7.1)
keep: grid-stories py ok (Ran 8 tests) ; grid-stories node ok (# pass 3 # fail 0 ) ; four-home ok (Ran 17 tests)
STEP keep: PASS (prototype 8 + 3, four-home 17)
== 4 contract
contract total 52 files, 16.31 MB (budget 25.0 MB, 4.0 MB per file); 31689 labelled numbers
CONTRACTS: PASS (52 files, 16.31 MB, 31689 labelled numbers)
STEP contract: PASS ((52 files, 16.31 MB, 31689 labelled numbers))
== 5 verify
VERIFY labels: PASS (49 files, 31689 labelled numbers)
VERIFY p1: PASS (1 expectations refuted, see NOTES.md: rotation)
VERIFY p2: PASS (1 expectations refuted, see NOTES.md)
STEP verify: PASS (labels p1 p2)
== 6 paths
PATHS: PASS (0 changed paths, all inside lane l3-p2; base a79a1d9)
STEP paths: PASS (lane l3-p2)
== 7 smoke
SMOKE root=/Users/rzalagbada/hb-overnight/hb port=52948 mode=--lane links=20 shots=/Users/rzalagbada/hb-overnight/tmp/shots-hb
SMOKE view=p1&branch=aware&t=22:30 ok | status=ready webgl=ok errors=0 fixture=0 offsite=0 | 6878 ms | 783 KB | 1702 colours
SMOKE view=p2&combo=aware-core-d26-g0 ok | status=ready webgl=ok errors=0 fixture=0 offsite=0 | 4494 ms | 752 KB | 1623 colours
SMOKE view=p2&combo=aware-core-d26-g20 ok | status=ready webgl=ok errors=0 fixture=0 offsite=0 | 3930 ms | 739 KB | 1603 colours
SMOKE view=p2&combo=aware-core-cheapest-g0 ok | status=ready webgl=ok errors=0 fixture=0 offsite=0 | 3891 ms | 747 KB | 1616 colours
SMOKE view=p2&combo=aware-core-cheapest-g20 ok | status=ready webgl=ok errors=0 fixture=0 offsite=0 | 3893 ms | 741 KB | 1609 colours
SMOKE view=p2&combo=aware-legacy-d26-g0 ok | status=ready webgl=ok errors=0 fixture=0 offsite=0 | 3915 ms | 746 KB | 1624 colours
SMOKE view=p2&combo=aware-legacy-d26-g20 ok | status=ready webgl=ok errors=0 fixture=0 offsite=0 | 3892 ms | 741 KB | 1609 colours
SMOKE view=p2&combo=aware-legacy-cheapest-g0 ok | status=ready webgl=ok errors=0 fixture=0 offsite=0 | 4069 ms | 746 KB | 1616 colours
SMOKE view=p2&combo=aware-legacy-cheapest-g20 ok | status=ready webgl=ok errors=0 fixture=0 offsite=0 | 4033 ms | 742 KB | 1615 colours
SMOKE view=p2&combo=naive-core-d26-g0 ok | status=ready webgl=ok errors=0 fixture=0 offsite=0 | 3962 ms | 760 KB | 1705 colours
SMOKE view=p2&combo=naive-core-d26-g20 ok | status=ready webgl=ok errors=0 fixture=0 offsite=0 | 4261 ms | 751 KB | 1708 colours
SMOKE view=p2&combo=naive-core-cheapest-g0 ok | status=ready webgl=ok errors=0 fixture=0 offsite=0 | 3983 ms | 760 KB | 1682 colours
SMOKE view=p2&combo=naive-core-cheapest-g20 ok | status=ready webgl=ok errors=0 fixture=0 offsite=0 | 4021 ms | 750 KB | 1700 colours
SMOKE view=p2&combo=naive-legacy-d26-g0 ok | status=ready webgl=ok errors=0 fixture=0 offsite=0 | 3988 ms | 760 KB | 1702 colours
SMOKE view=p2&combo=naive-legacy-d26-g20 ok | status=ready webgl=ok errors=0 fixture=0 offsite=0 | 4017 ms | 748 KB | 1694 colours
SMOKE view=p2&combo=naive-legacy-cheapest-g0 ok | status=ready webgl=ok errors=0 fixture=0 offsite=0 | 3972 ms | 760 KB | 1681 colours
SMOKE view=p2&combo=naive-legacy-cheapest-g20 ok | status=ready webgl=ok errors=0 fixture=0 offsite=0 | 3914 ms | 747 KB | 1678 colours
SMOKE view=p2&combo=naive-core-d26-g0&home=p1ulv24700 ok | status=ready webgl=ok errors=0 fixture=0 offsite=0 | 3797 ms | 677 KB | 1508 colours
SMOKE view=p2&combo=aware-core-d26-g0&n=5 ok | status=ready webgl=ok errors=0 fixture=0 offsite=0 | 3877 ms | 753 KB | 1621 colours
SMOKE view=more ok | status=ready webgl=ok errors=0 fixture=0 offsite=0 | 4315 ms | 653 KB | 707 colours
SMOKE: 20/20 ok
STEP smoke: PASS (SMOKE: 20/20 ok)
CHECK took 112 s
ALL CHECKS: PASS
scripts/check_all.sh --lane l3-p2  179.66s user 85.09s system 237% cpu 1:51.62 total
