CHECK root=/Users/rzalagbada/hb-overnight/wt/gate head=e86afea lane=l4-scene-p1 full=0 py=/Users/rzalagbada/hb-overnight/.venv/bin/python logs=/Users/rzalagbada/hb-overnight/tmp/check-gate
== 1 unit
STEP unit: PASS (Ran 57 tests)
== 2 node
STEP node: PASS (# pass 32 # fail 0 )
== 3 keep (7.1)
keep: grid-stories py ok (Ran 8 tests) ; grid-stories node ok (# pass 3 # fail 0 ) ; four-home ok (Ran 17 tests)
STEP keep: PASS (prototype 8 + 3, four-home 17)
== 4 contract
contract total 24 files, 4.37 MB (budget 25.0 MB, 4.0 MB per file); 10178 labelled numbers
CONTRACTS: PASS (24 files, 4.37 MB, 10178 labelled numbers)
STEP contract: PASS ((24 files, 4.37 MB, 10178 labelled numbers))
== 5 verify
VERIFY labels: PASS (24 files, 10178 labelled numbers)
VERIFY p1: SKIP (no ui/data/p1/meta.json yet)
VERIFY p2: SKIP (no ui/data/p2/index.json yet)
STEP verify: PASS (labels p1 p2)
== 6 paths
PATHS: PASS (10 changed paths, all inside lane l4-scene-p1; base c843806)
STEP paths: PASS (lane l4-scene-p1)
== 7 smoke
SMOKE root=/Users/rzalagbada/hb-overnight/wt/gate port=52899 mode=--lane links=9 shots=/Users/rzalagbada/Desktop/projects/base-power-hackathon/overnight/evidence/gate/l4-shots-fixture
SMOKE view=p1&branch=none&t=16:45&cam=street ok | status=ready webgl=ok errors=0 fixture=1 offsite=0 | 8337 ms | 592 KB | 1646 colours
SMOKE view=p1&branch=aware&t=16:45 ok | status=ready webgl=ok errors=0 fixture=1 offsite=0 | 5794 ms | 769 KB | 1667 colours
SMOKE view=p1&branch=naive&t=22:30 ok | status=ready webgl=ok errors=0 fixture=1 offsite=0 | 5166 ms | 773 KB | 1688 colours
SMOKE view=p1&branch=aware&t=22:30 ok | status=ready webgl=ok errors=0 fixture=1 offsite=0 | 5520 ms | 768 KB | 1659 colours
SMOKE view=p1&branch=aware_faults&t=22:16 ok | status=ready webgl=ok errors=0 fixture=1 offsite=0 | 7194 ms | 760 KB | 1701 colours
SMOKE view=p1&branch=naive&t=20:00&cam=feeder ok | status=ready webgl=ok errors=0 fixture=1 offsite=0 | 5532 ms | 777 KB | 1668 colours
SMOKE view=p1&branch=aware&t=22:30&nowebgl=1 ok | status=ready webgl=fallback errors=0 fixture=1 offsite=0 | 1469 ms | 389 KB | 803 colours
SMOKE view=p2&combo=aware-core-d26-g0 ok | status=ready webgl=ok errors=0 fixture=1 offsite=0 | 4567 ms | 628 KB | 1335 colours
SMOKE view=more ok | status=ready webgl=ok errors=0 fixture=0 offsite=0 | 3826 ms | 522 KB | 869 colours
SMOKE: 9/9 ok
STEP smoke: PASS (SMOKE: 9/9 ok)
CHECK took 51 s
ALL CHECKS: PASS
