CHECK root=/Users/rzalagbada/hb-overnight/wt/gate head=0520ded lane=l4-scene-p1 full=0 py=/Users/rzalagbada/hb-overnight/.venv/bin/python logs=/Users/rzalagbada/hb-overnight/tmp/check-gate
== 1 unit
STEP unit: PASS (Ran 102 tests)
== 2 node
STEP node: PASS (# pass 33 # fail 0 )
== 3 keep (7.1)
keep: grid-stories py ok (Ran 8 tests) ; grid-stories node ok (# pass 3 # fail 0 ) ; four-home ok (Ran 17 tests)
STEP keep: PASS (prototype 8 + 3, four-home 17)
== 4 contract
contract total 47 files, 15.94 MB (budget 25.0 MB, 4.0 MB per file); 30460 labelled numbers
CONTRACTS: PASS (47 files, 15.94 MB, 30460 labelled numbers)
STEP contract: PASS ((47 files, 15.94 MB, 30460 labelled numbers))
== 5 verify
VERIFY labels: PASS (47 files, 30460 labelled numbers)
VERIFY p1: PASS (1 expectations refuted, see NOTES.md: rotation)
VERIFY p2: PASS (0 expectations refuted, see NOTES.md)
STEP verify: PASS (labels p1 p2)
== 6 paths
PATHS: PASS (10 changed paths, all inside lane l4-scene-p1; base 2f5b87d)
STEP paths: PASS (lane l4-scene-p1)
== 7 smoke
SMOKE root=/Users/rzalagbada/hb-overnight/wt/gate port=58510 mode=--lane links=9 shots=/Users/rzalagbada/hb-overnight/tmp/shots-gate
SMOKE view=p1&branch=none&t=16:45&cam=street ok | status=ready webgl=ok errors=0 fixture=0 offsite=0 | 9844 ms | 615 KB | 1749 colours
SMOKE view=p1&branch=aware&t=16:45 ok | status=ready webgl=ok errors=0 fixture=0 offsite=0 | 5272 ms | 789 KB | 1658 colours
SMOKE view=p1&branch=naive&t=22:30 ok | status=ready webgl=ok errors=0 fixture=0 offsite=0 | 4023 ms | 784 KB | 1702 colours
SMOKE view=p1&branch=aware&t=22:30 ok | status=ready webgl=ok errors=0 fixture=0 offsite=0 | 4339 ms | 783 KB | 1662 colours
SMOKE view=p1&branch=aware_faults&t=22:16 ok | status=ready webgl=ok errors=0 fixture=0 offsite=0 | 4253 ms | 778 KB | 1625 colours
SMOKE view=p1&branch=naive&t=20:00&cam=feeder ok | status=ready webgl=ok errors=0 fixture=0 offsite=0 | 4014 ms | 786 KB | 1659 colours
SMOKE view=p1&branch=aware&t=22:30&nowebgl=1 ok | status=ready webgl=fallback errors=0 fixture=0 offsite=0 | 1457 ms | 406 KB | 823 colours
SMOKE view=p2&combo=aware-core-d26-g0 ok | status=ready webgl=ok errors=0 fixture=0 offsite=0 | 4999 ms | 627 KB | 1321 colours
SMOKE view=more ok | status=ready webgl=ok errors=0 fixture=0 offsite=0 | 3874 ms | 522 KB | 870 colours
SMOKE: 9/9 ok
STEP smoke: PASS (SMOKE: 9/9 ok)
CHECK took 55 s
ALL CHECKS: PASS
