CHECK root=/Users/rzalagbada/hb-overnight/wt/gate head=6b7dc9f lane=l5-p2-story full=0 py=/Users/rzalagbada/hb-overnight/.venv/bin/python logs=/Users/rzalagbada/hb-overnight/tmp/check-gate
== 1 unit
STEP unit: PASS (Ran 102 tests)
== 2 node
STEP node: PASS (# pass 66 # fail 0 )
== 3 keep (7.1)
keep: grid-stories py ok (Ran 8 tests) ; grid-stories node ok (# pass 3 # fail 0 ) ; four-home ok (Ran 17 tests)
STEP keep: PASS (prototype 8 + 3, four-home 17)
== 4 contract
contract total 48 files, 15.95 MB (budget 25.0 MB, 4.0 MB per file); 30460 labelled numbers
CONTRACTS: PASS (48 files, 15.95 MB, 30460 labelled numbers)
STEP contract: PASS ((48 files, 15.95 MB, 30460 labelled numbers))
== 5 verify
VERIFY labels: PASS (48 files, 30460 labelled numbers)
VERIFY p1: PASS (1 expectations refuted, see NOTES.md: rotation)
VERIFY p2: PASS (0 expectations refuted, see NOTES.md)
STEP verify: PASS (labels p1 p2)
== 6 paths
PATHS: PASS (11 changed paths, all inside lane l5-p2-story; base a9441e8)
STEP paths: PASS (lane l5-p2-story)
== 7 smoke
SMOKE root=/Users/rzalagbada/hb-overnight/wt/gate port=60632 mode=--lane links=20 shots=/Users/rzalagbada/hb-overnight/tmp/shots-gate
SMOKE view=p1&branch=aware&t=22:30 ok | status=ready webgl=ok errors=0 fixture=0 offsite=0 | 7047 ms | 783 KB | 1662 colours
SMOKE view=p2&combo=aware-core-d26-g0 ok | status=ready webgl=ok errors=0 fixture=0 offsite=0 | 4504 ms | 754 KB | 1577 colours
SMOKE view=p2&combo=aware-core-d26-g20 ok | status=ready webgl=ok errors=0 fixture=0 offsite=0 | 3904 ms | 751 KB | 1582 colours
SMOKE view=p2&combo=aware-core-cheapest-g0 ok | status=ready webgl=ok errors=0 fixture=0 offsite=0 | 3735 ms | 753 KB | 1571 colours
SMOKE view=p2&combo=aware-core-cheapest-g20 ok | status=ready webgl=ok errors=0 fixture=0 offsite=0 | 3836 ms | 752 KB | 1585 colours
SMOKE view=p2&combo=aware-legacy-d26-g0 ok | status=ready webgl=ok errors=0 fixture=0 offsite=0 | 3760 ms | 754 KB | 1577 colours
SMOKE view=p2&combo=aware-legacy-d26-g20 ok | status=ready webgl=ok errors=0 fixture=0 offsite=0 | 3747 ms | 752 KB | 1576 colours
SMOKE view=p2&combo=aware-legacy-cheapest-g0 ok | status=ready webgl=ok errors=0 fixture=0 offsite=0 | 3814 ms | 753 KB | 1576 colours
SMOKE view=p2&combo=aware-legacy-cheapest-g20 ok | status=ready webgl=ok errors=0 fixture=0 offsite=0 | 3815 ms | 752 KB | 1579 colours
SMOKE view=p2&combo=naive-core-d26-g0 ok | status=ready webgl=ok errors=0 fixture=0 offsite=0 | 4038 ms | 763 KB | 1668 colours
SMOKE view=p2&combo=naive-core-d26-g20 ok | status=ready webgl=ok errors=0 fixture=0 offsite=0 | 4076 ms | 757 KB | 1672 colours
SMOKE view=p2&combo=naive-core-cheapest-g0 ok | status=ready webgl=ok errors=0 fixture=0 offsite=0 | 3834 ms | 763 KB | 1642 colours
SMOKE view=p2&combo=naive-core-cheapest-g20 ok | status=ready webgl=ok errors=0 fixture=0 offsite=0 | 3822 ms | 757 KB | 1670 colours
SMOKE view=p2&combo=naive-legacy-d26-g0 ok | status=ready webgl=ok errors=0 fixture=0 offsite=0 | 3883 ms | 763 KB | 1661 colours
SMOKE view=p2&combo=naive-legacy-d26-g20 ok | status=ready webgl=ok errors=0 fixture=0 offsite=0 | 4088 ms | 754 KB | 1655 colours
SMOKE view=p2&combo=naive-legacy-cheapest-g0 ok | status=ready webgl=ok errors=0 fixture=0 offsite=0 | 3840 ms | 762 KB | 1647 colours
SMOKE view=p2&combo=naive-legacy-cheapest-g20 ok | status=ready webgl=ok errors=0 fixture=0 offsite=0 | 3855 ms | 753 KB | 1653 colours
SMOKE view=p2&combo=naive-core-d26-g0&home=p1ulv24700 ok | status=ready webgl=ok errors=0 fixture=0 offsite=0 | 3809 ms | 689 KB | 1479 colours
SMOKE view=p2&combo=aware-core-d26-g0&n=5 ok | status=ready webgl=ok errors=0 fixture=0 offsite=0 | 3788 ms | 754 KB | 1575 colours
SMOKE view=more ok | status=ready webgl=ok errors=0 fixture=0 offsite=0 | 5159 ms | 650 KB | 824 colours
SMOKE: 20/20 ok
STEP smoke: PASS (SMOKE: 20/20 ok)
CHECK took 96 s
ALL CHECKS: PASS
