CHECK root=/Users/rzalagbada/hb-overnight/judge-1 head=995cd3e lane=none full=1 py=/Users/rzalagbada/hb-overnight/.venv/bin/python logs=/Users/rzalagbada/Desktop/projects/base-power-hackathon/overnight/evidence/judge-R1/check-logs
== 1 unit
STEP unit: PASS (Ran 111 tests)
== 2 node
STEP node: PASS (# pass 69 # fail 0 )
== 3 keep (7.1)
keep: grid-stories py ok (Ran 8 tests) ; grid-stories node ok (# pass 3 # fail 0 ) ; four-home ok (Ran 17 tests)
STEP keep: PASS (prototype 8 + 3, four-home 17)
== 4 contract
contract total 48 files, 15.95 MB (budget 25.0 MB, 4.0 MB per file); 30467 labelled numbers
CONTRACTS: PASS (48 files, 15.95 MB, 30467 labelled numbers)
STEP contract: PASS ((48 files, 15.95 MB, 30467 labelled numbers))
== 5 verify
VERIFY labels: PASS (48 files, 30467 labelled numbers)
VERIFY p1: PASS (1 expectations refuted, see NOTES.md: rotation)
VERIFY p2: PASS (0 expectations refuted, see NOTES.md)
STEP verify: PASS (labels p1 p2)
== 7+8 smoke all + rebuild (one heavy-run lock hold)
SMOKE root=/Users/rzalagbada/hb-overnight/judge-1 port=62248 mode=all links=38 shots=/Users/rzalagbada/Desktop/projects/base-power-hackathon/overnight/shots/judge-R1
SMOKE: 38/38 ok
STEP smoke: PASS (all: SMOKE: 38/38 ok)
BUILD topology: OK (0 s)
BUILD fixtures: OK (1 s)
BUILD p1: OK (12 s)
BUILD p2: OK (18 s)
BUILD referee: OK (93 s)
BUILD: PASS
determinism: rebuild left ui/data and data/out byte-identical
VERIFY p1: PASS (1 expectations refuted, see NOTES.md: rotation)
determinism: rebuild byte-identical (5 files)   [INVARIANT]
VERIFY p2: PASS (0 expectations refuted, see NOTES.md)
determinism: rebuild byte-identical (19 files)   [INVARIANT]
STEP rebuild: PASS (build_all all + verify --rebuild)
CHECK took 415 s
ALL CHECKS: PASS
