CHECK root=/Users/rzalagbada/hb-overnight/wt/l5-p2-story head=a7b38e9 lane=l5-p2-story full=0 py=/Users/rzalagbada/hb-overnight/.venv/bin/python logs=/Users/rzalagbada/hb-overnight/tmp/check-l5-p2-story
== 1 unit
STEP unit: PASS (Ran 111 tests)
== 2 node
STEP node: PASS (# pass 77 # fail 0 )
== 3 keep (7.1)
keep: grid-stories py ok (Ran 8 tests) ; grid-stories node ok (# pass 3 # fail 0 ) ; four-home ok (Ran 17 tests)
STEP keep: PASS (prototype 8 + 3, four-home 17)
== 4 contract
contract total 48 files, 15.95 MB (budget 25.0 MB, 4.0 MB per file); 30467 labelled numbers
CONTRACTS: PASS (48 files, 15.95 MB, 30467 labelled numbers)
STEP contract: PASS ((48 files, 15.95 MB, 30467 labelled numbers))
== 5 verify
VERIFY labels: PASS (48 files, 30467 labelled numbers)
VERIFY p1: PASS (1 expectations refuted, see NOTES.md: rotation)
VERIFY p2: PASS (0 expectations refuted, see NOTES.md)
STEP verify: PASS (labels p1 p2)
== 6 paths
PATHS: PASS (6 changed paths, all inside lane l5-p2-story; base 995cd3e)
STEP paths: PASS (lane l5-p2-story)
== 7 smoke
SMOKE root=/Users/rzalagbada/hb-overnight/wt/l5-p2-story port=63439 mode=--lane links=32 shots=/Users/rzalagbada/hb-overnight/tmp/shots-l5-fix1
SMOKE view=p1&branch=aware&t=22:30 ok | status=ready webgl=ok errors=0 fixture=0 offsite=0 | 7411 ms | 783 KB | 1662 colours
SMOKE view=p2&combo=aware-core-d26-g0 ok | status=ready webgl=ok errors=0 fixture=0 offsite=0 | 4799 ms | 760 KB | 1597 colours
SMOKE view=p2&combo=aware-core-d26-g20 ok | status=ready webgl=ok errors=0 fixture=0 offsite=0 | 4109 ms | 748 KB | 1587 colours
SMOKE view=p2&combo=aware-core-cheapest-g0 ok | status=ready webgl=ok errors=0 fixture=0 offsite=0 | 3891 ms | 754 KB | 1590 colours
SMOKE view=p2&combo=aware-core-cheapest-g20 ok | status=ready webgl=ok errors=0 fixture=0 offsite=0 | 3899 ms | 749 KB | 1590 colours
SMOKE view=p2&combo=aware-legacy-d26-g0 ok | status=ready webgl=ok errors=0 fixture=0 offsite=0 | 4105 ms | 754 KB | 1597 colours
SMOKE view=p2&combo=aware-legacy-d26-g20 ok | status=ready webgl=ok errors=0 fixture=0 offsite=0 | 4013 ms | 750 KB | 1593 colours
SMOKE view=p2&combo=aware-legacy-cheapest-g0 ok | status=ready webgl=ok errors=0 fixture=0 offsite=0 | 4120 ms | 754 KB | 1595 colours
SMOKE view=p2&combo=aware-legacy-cheapest-g20 ok | status=ready webgl=ok errors=0 fixture=0 offsite=0 | 4076 ms | 750 KB | 1598 colours
SMOKE view=p2&combo=naive-core-d26-g0 ok | status=ready webgl=ok errors=0 fixture=0 offsite=0 | 4332 ms | 767 KB | 1671 colours
SMOKE view=p2&combo=naive-core-d26-g20 ok | status=ready webgl=ok errors=0 fixture=0 offsite=0 | 4126 ms | 759 KB | 1679 colours
SMOKE view=p2&combo=naive-core-cheapest-g0 ok | status=ready webgl=ok errors=0 fixture=0 offsite=0 | 4137 ms | 767 KB | 1650 colours
SMOKE view=p2&combo=naive-core-cheapest-g20 ok | status=ready webgl=ok errors=0 fixture=0 offsite=0 | 4113 ms | 759 KB | 1675 colours
SMOKE view=p2&combo=naive-legacy-d26-g0 ok | status=ready webgl=ok errors=0 fixture=0 offsite=0 | 4324 ms | 767 KB | 1670 colours
SMOKE view=p2&combo=naive-legacy-d26-g20 ok | status=ready webgl=ok errors=0 fixture=0 offsite=0 | 4300 ms | 757 KB | 1663 colours
SMOKE view=p2&combo=naive-legacy-cheapest-g0 ok | status=ready webgl=ok errors=0 fixture=0 offsite=0 | 4027 ms | 767 KB | 1654 colours
SMOKE view=p2&combo=naive-legacy-cheapest-g20 ok | status=ready webgl=ok errors=0 fixture=0 offsite=0 | 4135 ms | 755 KB | 1657 colours
SMOKE view=p2&combo=naive-core-d26-g0&home=p1ulv24700 ok | status=ready webgl=ok errors=0 fixture=0 offsite=0 | 4231 ms | 686 KB | 1475 colours
SMOKE view=p2&combo=aware-core-d26-g0&n=5 ok | status=ready webgl=ok errors=0 fixture=0 offsite=0 | 4143 ms | 761 KB | 1595 colours
SMOKE view=more ok | status=ready webgl=ok errors=0 fixture=0 offsite=0 | 5731 ms | 671 KB | 824 colours
SMOKE view=p1&branch=naive&t=16:00&cam=street&beat=problem ok | status=ready webgl=ok errors=0 fixture=0 offsite=0 | 5476 ms | 666 KB | 1885 colours
SMOKE view=p1&branch=aware&t=16:45&cam=street&beat=peak-relief ok | status=ready webgl=ok errors=0 fixture=0 offsite=0 | 8134 ms | 665 KB | 1853 colours
SMOKE view=p2&combo=aware-core-d26-g0&beat=insight ok | status=ready webgl=ok errors=0 fixture=0 offsite=0 | 4224 ms | 692 KB | 1528 colours
SMOKE view=p1&branch=naive&t=20:00&cam=street&beat=backfeed ok | status=ready webgl=ok errors=0 fixture=0 offsite=0 | 6838 ms | 660 KB | 1971 colours
SMOKE view=p1&branch=naive&t=22:30&cam=street&beat=rebound-naive ok | status=ready webgl=ok errors=0 fixture=0 offsite=0 | 5496 ms | 681 KB | 2286 colours
SMOKE view=p1&branch=aware&t=22:30&cam=street&beat=rebound-aware ok | status=ready webgl=ok errors=0 fixture=0 offsite=0 | 5754 ms | 664 KB | 1886 colours
SMOKE view=p1&branch=aware_faults&t=22:16&cam=street&beat=faults ok | status=ready webgl=ok errors=0 fixture=0 offsite=0 | 5784 ms | 663 KB | 1892 colours
SMOKE view=p2&combo=aware-core-d26-g0&n=5&beat=p2-controls ok | status=ready webgl=ok errors=0 fixture=0 offsite=0 | 4141 ms | 765 KB | 1662 colours
SMOKE view=p2&combo=naive-core-d26-g0&beat=p2-flip ok | status=ready webgl=ok errors=0 fixture=0 offsite=0 | 4245 ms | 799 KB | 1675 colours
SMOKE view=p2&combo=aware-core-d26-g0&n=10&beat=p2-capacity ok | status=ready webgl=ok errors=0 fixture=0 offsite=0 | 3939 ms | 753 KB | 1560 colours
SMOKE view=more&beat=money ok | status=ready webgl=ok errors=0 fixture=0 offsite=0 | 5692 ms | 642 KB | 880 colours
SMOKE view=more&beat=plug-in ok | status=ready webgl=ok errors=0 fixture=0 offsite=0 | 5484 ms | 637 KB | 836 colours
SMOKE: 32/32 ok
STEP smoke: PASS (SMOKE: 32/32 ok)
CHECK took 168 s
ALL CHECKS: PASS
