CHECK root=/Users/rzalagbada/hb-overnight/wt/l5-p2-story head=bd4a6fe lane=l5-p2-story full=0 py=/Users/rzalagbada/hb-overnight/.venv/bin/python logs=/Users/rzalagbada/hb-overnight/tmp/check-l5-p2-story
== 1 unit
STEP unit: PASS (Ran 111 tests)
== 2 node
STEP node: PASS (# pass 80 # fail 0 )
== 3 keep (7.1)
keep: grid-stories py ok (Ran 8 tests) ; grid-stories node ok (# pass 3 # fail 0 ) ; four-home ok (Ran 17 tests)
STEP keep: PASS (prototype 8 + 3, four-home 17)
== 4 contract
contract total 51 files, 16.13 MB (budget 25.0 MB, 4.0 MB per file); 30467 labelled numbers
CONTRACTS: PASS (51 files, 16.13 MB, 30467 labelled numbers)
STEP contract: PASS ((51 files, 16.13 MB, 30467 labelled numbers))
== 5 verify
VERIFY labels: PASS (48 files, 30467 labelled numbers)
VERIFY p1: PASS (1 expectations refuted, see NOTES.md: rotation)
VERIFY p2: PASS (0 expectations refuted, see NOTES.md)
STEP verify: PASS (labels p1 p2)
== 6 paths
PATHS: PASS (10 changed paths, all inside lane l5-p2-story; base 995cd3e)
STEP paths: PASS (lane l5-p2-story)
== 7 smoke
SMOKE root=/Users/rzalagbada/hb-overnight/wt/l5-p2-story port=64233 mode=--lane links=32 shots=/Users/rzalagbada/hb-overnight/tmp/shots-l5-fix1b
SMOKE view=p1&branch=aware&t=22:30 ok | status=ready webgl=ok errors=0 fixture=0 offsite=0 | 7860 ms | 783 KB | 1661 colours
SMOKE view=p2&combo=aware-core-d26-g0 ok | status=ready webgl=ok errors=0 fixture=0 offsite=0 | 5005 ms | 760 KB | 1595 colours
SMOKE view=p2&combo=aware-core-d26-g20 ok | status=ready webgl=ok errors=0 fixture=0 offsite=0 | 3965 ms | 748 KB | 1587 colours
SMOKE view=p2&combo=aware-core-cheapest-g0 ok | status=ready webgl=ok errors=0 fixture=0 offsite=0 | 3916 ms | 754 KB | 1588 colours
SMOKE view=p2&combo=aware-core-cheapest-g20 ok | status=ready webgl=ok errors=0 fixture=0 offsite=0 | 3929 ms | 750 KB | 1590 colours
SMOKE view=p2&combo=aware-legacy-d26-g0 ok | status=ready webgl=ok errors=0 fixture=0 offsite=0 | 3894 ms | 755 KB | 1597 colours
SMOKE view=p2&combo=aware-legacy-d26-g20 ok | status=ready webgl=ok errors=0 fixture=0 offsite=0 | 3948 ms | 750 KB | 1593 colours
SMOKE view=p2&combo=aware-legacy-cheapest-g0 ok | status=ready webgl=ok errors=0 fixture=0 offsite=0 | 3986 ms | 754 KB | 1597 colours
SMOKE view=p2&combo=aware-legacy-cheapest-g20 ok | status=ready webgl=ok errors=0 fixture=0 offsite=0 | 4924 ms | 750 KB | 1597 colours
SMOKE view=p2&combo=naive-core-d26-g0 ok | status=ready webgl=ok errors=0 fixture=0 offsite=0 | 4172 ms | 767 KB | 1671 colours
SMOKE view=p2&combo=naive-core-d26-g20 ok | status=ready webgl=ok errors=0 fixture=0 offsite=0 | 3965 ms | 759 KB | 1678 colours
SMOKE view=p2&combo=naive-core-cheapest-g0 ok | status=ready webgl=ok errors=0 fixture=0 offsite=0 | 4052 ms | 767 KB | 1650 colours
SMOKE view=p2&combo=naive-core-cheapest-g20 ok | status=ready webgl=ok errors=0 fixture=0 offsite=0 | 3967 ms | 759 KB | 1675 colours
SMOKE view=p2&combo=naive-legacy-d26-g0 ok | status=ready webgl=ok errors=0 fixture=0 offsite=0 | 4218 ms | 767 KB | 1669 colours
SMOKE view=p2&combo=naive-legacy-d26-g20 ok | status=ready webgl=ok errors=0 fixture=0 offsite=0 | 4060 ms | 757 KB | 1663 colours
SMOKE view=p2&combo=naive-legacy-cheapest-g0 ok | status=ready webgl=ok errors=0 fixture=0 offsite=0 | 5244 ms | 767 KB | 1654 colours
SMOKE view=p2&combo=naive-legacy-cheapest-g20 ok | status=ready webgl=ok errors=0 fixture=0 offsite=0 | 4059 ms | 755 KB | 1657 colours
SMOKE view=p2&combo=naive-core-d26-g0&home=p1ulv24700 ok | status=ready webgl=ok errors=0 fixture=0 offsite=0 | 4086 ms | 685 KB | 1471 colours
SMOKE view=p2&combo=aware-core-d26-g0&n=5 ok | status=ready webgl=ok errors=0 fixture=0 offsite=0 | 4155 ms | 761 KB | 1594 colours
SMOKE view=more ok | status=ready webgl=ok errors=0 fixture=0 offsite=0 | 5578 ms | 671 KB | 823 colours
SMOKE view=p1&branch=naive&t=16:00&cam=street&beat=problem ok | status=ready webgl=ok errors=0 fixture=0 offsite=0 | 6497 ms | 665 KB | 1882 colours
SMOKE view=p1&branch=aware&t=16:45&cam=street&beat=peak-relief ok | status=ready webgl=ok errors=0 fixture=0 offsite=0 | 7862 ms | 665 KB | 1856 colours
SMOKE view=p2&combo=aware-core-d26-g0&beat=insight ok | status=ready webgl=ok errors=0 fixture=0 offsite=0 | 4260 ms | 691 KB | 1529 colours
SMOKE view=p1&branch=naive&t=20:00&cam=street&beat=backfeed ok | status=ready webgl=ok errors=0 fixture=0 offsite=0 | 7538 ms | 659 KB | 1966 colours
SMOKE view=p1&branch=naive&t=22:30&cam=street&beat=rebound-naive ok | status=ready webgl=ok errors=0 fixture=0 offsite=0 | 6462 ms | 681 KB | 2285 colours
SMOKE view=p1&branch=aware&t=22:30&cam=street&beat=rebound-aware ok | status=ready webgl=ok errors=0 fixture=0 offsite=0 | 8051 ms | 665 KB | 1894 colours
SMOKE view=p1&branch=aware_faults&t=22:16&cam=street&beat=faults ok | status=ready webgl=ok errors=0 fixture=0 offsite=0 | 8572 ms | 662 KB | 1890 colours
SMOKE view=p2&combo=aware-core-d26-g0&n=5&beat=p2-controls ok | status=ready webgl=ok errors=0 fixture=0 offsite=0 | 4061 ms | 765 KB | 1664 colours
SMOKE view=p2&combo=naive-core-d26-g0&beat=p2-flip ok | status=ready webgl=ok errors=0 fixture=0 offsite=0 | 5186 ms | 799 KB | 1675 colours
SMOKE view=p2&combo=aware-core-d26-g0&n=10&beat=p2-capacity ok | status=ready webgl=ok errors=0 fixture=0 offsite=0 | 4016 ms | 753 KB | 1558 colours
SMOKE view=more&beat=money ok | status=ready webgl=ok errors=0 fixture=0 offsite=0 | 5940 ms | 642 KB | 881 colours
SMOKE view=more&beat=plug-in ok | status=ready webgl=ok errors=0 fixture=0 offsite=0 | 6332 ms | 637 KB | 837 colours
SMOKE: 32/32 ok
STEP smoke: PASS (SMOKE: 32/32 ok)
CHECK took 178 s
ALL CHECKS: PASS
