SMOKE root=/Users/rzalagbada/hb-overnight/wt/l5-p2-story port=49689 mode=p2 links=18 shots=/Users/rzalagbada/hb-overnight/tmp/shots-l5-p2-story
SMOKE view=p2&combo=aware-core-d26-g0 ok | status=ready webgl=ok errors=0 fixture=1 offsite=0 | 5226 ms | 334 KB | 836 colours
SMOKE view=p2&combo=aware-core-d26-g20 ok | status=ready webgl=ok errors=0 fixture=1 offsite=0 | 2747 ms | 339 KB | 858 colours
SMOKE view=p2&combo=aware-core-cheapest-g0 ok | status=ready webgl=ok errors=0 fixture=1 offsite=0 | 2403 ms | 334 KB | 837 colours
SMOKE view=p2&combo=aware-core-cheapest-g20 ok | status=ready webgl=ok errors=0 fixture=1 offsite=0 | 2002 ms | 339 KB | 858 colours
SMOKE view=p2&combo=aware-legacy-d26-g0 ok | status=ready webgl=ok errors=0 fixture=1 offsite=0 | 2361 ms | 328 KB | 816 colours
SMOKE view=p2&combo=aware-legacy-d26-g20 ok | status=ready webgl=ok errors=0 fixture=1 offsite=0 | 2499 ms | 333 KB | 839 colours
SMOKE view=p2&combo=aware-legacy-cheapest-g0 ok | status=ready webgl=ok errors=0 fixture=1 offsite=0 | 2500 ms | 328 KB | 816 colours
SMOKE view=p2&combo=aware-legacy-cheapest-g20 ok | status=ready webgl=ok errors=0 fixture=1 offsite=0 | 2450 ms | 333 KB | 838 colours
SMOKE view=p2&combo=naive-core-d26-g0 ok | status=ready webgl=ok errors=0 fixture=1 offsite=0 | 2484 ms | 339 KB | 822 colours
SMOKE view=p2&combo=naive-core-d26-g20 ok | status=ready webgl=ok errors=0 fixture=1 offsite=0 | 2517 ms | 344 KB | 844 colours
SMOKE view=p2&combo=naive-core-cheapest-g0 ok | status=ready webgl=ok errors=0 fixture=1 offsite=0 | 2531 ms | 339 KB | 818 colours
SMOKE view=p2&combo=naive-core-cheapest-g20 ok | status=ready webgl=ok errors=0 fixture=1 offsite=0 | 2571 ms | 344 KB | 838 colours
SMOKE view=p2&combo=naive-legacy-d26-g0 ok | status=ready webgl=ok errors=0 fixture=1 offsite=0 | 2664 ms | 338 KB | 824 colours
SMOKE view=p2&combo=naive-legacy-d26-g20 ok | status=ready webgl=ok errors=0 fixture=1 offsite=0 | 2334 ms | 343 KB | 853 colours
SMOKE view=p2&combo=naive-legacy-cheapest-g0 ok | status=ready webgl=ok errors=0 fixture=1 offsite=0 | 2347 ms | 338 KB | 820 colours
SMOKE view=p2&combo=naive-legacy-cheapest-g20 ok | status=ready webgl=ok errors=0 fixture=1 offsite=0 | 2552 ms | 343 KB | 847 colours
SMOKE view=p2&combo=naive-core-d26-g0&home=p1ulv24700 ok | status=ready webgl=ok errors=0 fixture=1 offsite=0 | 2212 ms | 312 KB | 792 colours
SMOKE view=p2&combo=aware-core-d26-g0&n=5 ok | status=ready webgl=ok errors=0 fixture=1 offsite=0 | 2253 ms | 334 KB | 836 colours
SMOKE: 18/18 ok
