C1 smoke all, main a9441e8, lock requested 11:24:05
lock acquired 11:29:08 load { 3.54 4.94 5.34 }
SMOKE root=/Users/rzalagbada/hb-overnight/wt/gate-l0fix port=59524 mode=all links=26 shots=/Users/rzalagbada/Desktop/projects/base-power-hackathon/overnight/shots/C1
SMOKE view=p1&branch=none&t=16:45&cam=street ok | status=ready webgl=ok errors=0 fixture=0 offsite=0 | 8912 ms | 615 KB | 1757 colours
SMOKE view=p1&branch=aware&t=16:45 ok | status=ready webgl=ok errors=0 fixture=0 offsite=0 | 5779 ms | 789 KB | 1658 colours
SMOKE view=p1&branch=naive&t=22:30 ok | status=ready webgl=ok errors=0 fixture=0 offsite=0 | 4678 ms | 784 KB | 1699 colours
SMOKE view=p1&branch=aware&t=22:30 ok | status=ready webgl=ok errors=0 fixture=0 offsite=0 | 4379 ms | 783 KB | 1663 colours
SMOKE view=p1&branch=aware_faults&t=22:16 ok | status=ready webgl=ok errors=0 fixture=0 offsite=0 | 4239 ms | 778 KB | 1626 colours
SMOKE view=p1&branch=naive&t=20:00&cam=feeder ok | status=ready webgl=ok errors=0 fixture=0 offsite=0 | 4205 ms | 786 KB | 1659 colours
SMOKE view=p1&branch=aware&t=22:30&nowebgl=1 ok | status=ready webgl=fallback errors=0 fixture=0 offsite=0 | 1517 ms | 406 KB | 823 colours
SMOKE view=p2&combo=aware-core-d26-g0 ok | status=ready webgl=ok errors=0 fixture=0 offsite=0 | 3998 ms | 627 KB | 1322 colours
SMOKE view=p2&combo=aware-core-d26-g20 ok | status=ready webgl=ok errors=0 fixture=0 offsite=0 | 5167 ms | 627 KB | 1335 colours
SMOKE view=p2&combo=aware-core-cheapest-g0 ok | status=ready webgl=ok errors=0 fixture=0 offsite=0 | 3951 ms | 627 KB | 1318 colours
SMOKE view=p2&combo=aware-core-cheapest-g20 ok | status=ready webgl=ok errors=0 fixture=0 offsite=0 | 3965 ms | 627 KB | 1341 colours
SMOKE view=p2&combo=aware-legacy-d26-g0 ok | status=ready webgl=ok errors=0 fixture=0 offsite=0 | 3939 ms | 627 KB | 1327 colours
SMOKE view=p2&combo=aware-legacy-d26-g20 ok | status=ready webgl=ok errors=0 fixture=0 offsite=0 | 3963 ms | 627 KB | 1337 colours
SMOKE view=p2&combo=aware-legacy-cheapest-g0 ok | status=ready webgl=ok errors=0 fixture=0 offsite=0 | 4082 ms | 628 KB | 1328 colours
SMOKE view=p2&combo=aware-legacy-cheapest-g20 ok | status=ready webgl=ok errors=0 fixture=0 offsite=0 | 3895 ms | 628 KB | 1345 colours
SMOKE view=p2&combo=naive-core-d26-g0 ok | status=ready webgl=ok errors=0 fixture=0 offsite=0 | 4089 ms | 629 KB | 1376 colours
SMOKE view=p2&combo=naive-core-d26-g20 ok | status=ready webgl=ok errors=0 fixture=0 offsite=0 | 3880 ms | 630 KB | 1398 colours
SMOKE view=p2&combo=naive-core-cheapest-g0 ok | status=ready webgl=ok errors=0 fixture=0 offsite=0 | 3736 ms | 629 KB | 1365 colours
SMOKE view=p2&combo=naive-core-cheapest-g20 ok | status=ready webgl=ok errors=0 fixture=0 offsite=0 | 3863 ms | 630 KB | 1387 colours
SMOKE view=p2&combo=naive-legacy-d26-g0 ok | status=ready webgl=ok errors=0 fixture=0 offsite=0 | 4250 ms | 629 KB | 1381 colours
SMOKE view=p2&combo=naive-legacy-d26-g20 ok | status=ready webgl=ok errors=0 fixture=0 offsite=0 | 3866 ms | 630 KB | 1391 colours
SMOKE view=p2&combo=naive-legacy-cheapest-g0 ok | status=ready webgl=ok errors=0 fixture=0 offsite=0 | 3950 ms | 629 KB | 1368 colours
SMOKE view=p2&combo=naive-legacy-cheapest-g20 ok | status=ready webgl=ok errors=0 fixture=0 offsite=0 | 4036 ms | 629 KB | 1390 colours
SMOKE view=p2&combo=naive-core-d26-g0&home=p1ulv24700 ok | status=ready webgl=ok errors=0 fixture=0 offsite=0 | 3914 ms | 629 KB | 1376 colours
SMOKE view=p2&combo=aware-core-d26-g0&n=5 ok | status=ready webgl=ok errors=0 fixture=0 offsite=0 | 3800 ms | 627 KB | 1323 colours
SMOKE view=more ok | status=ready webgl=ok errors=0 fixture=0 offsite=0 | 3768 ms | 522 KB | 870 colours
SMOKE: 26/26 ok
smoke exit 0
lockf exit 0 at 11:30:58
