SMOKE root=/Users/rzalagbada/hb-overnight/judge-1 port=62248 mode=all links=38 shots=/Users/rzalagbada/Desktop/projects/base-power-hackathon/overnight/shots/judge-R1
SMOKE view=p1&branch=none&t=16:45&cam=street ok | status=ready webgl=ok errors=0 fixture=0 offsite=0 | 8421 ms | 615 KB | 1753 colours
SMOKE view=p1&branch=aware&t=16:45 ok | status=ready webgl=ok errors=0 fixture=0 offsite=0 | 4699 ms | 789 KB | 1656 colours
SMOKE view=p1&branch=naive&t=22:30 ok | status=ready webgl=ok errors=0 fixture=0 offsite=0 | 3691 ms | 785 KB | 1701 colours
SMOKE view=p1&branch=aware&t=22:30 ok | status=ready webgl=ok errors=0 fixture=0 offsite=0 | 4422 ms | 783 KB | 1663 colours
SMOKE view=p1&branch=aware_faults&t=22:16 ok | status=ready webgl=ok errors=0 fixture=0 offsite=0 | 3999 ms | 778 KB | 1624 colours
SMOKE view=p1&branch=naive&t=20:00&cam=feeder ok | status=ready webgl=ok errors=0 fixture=0 offsite=0 | 3767 ms | 787 KB | 1659 colours
SMOKE view=p1&branch=aware&t=22:30&nowebgl=1 ok | status=ready webgl=fallback errors=0 fixture=0 offsite=0 | 1164 ms | 406 KB | 823 colours
SMOKE view=p2&combo=aware-core-d26-g0 ok | status=ready webgl=ok errors=0 fixture=0 offsite=0 | 4157 ms | 754 KB | 1577 colours
SMOKE view=p2&combo=aware-core-d26-g20 ok | status=ready webgl=ok errors=0 fixture=0 offsite=0 | 3698 ms | 751 KB | 1582 colours
SMOKE view=p2&combo=aware-core-cheapest-g0 ok | status=ready webgl=ok errors=0 fixture=0 offsite=0 | 3705 ms | 753 KB | 1570 colours
SMOKE view=p2&combo=aware-core-cheapest-g20 ok | status=ready webgl=ok errors=0 fixture=0 offsite=0 | 3688 ms | 752 KB | 1586 colours
SMOKE view=p2&combo=aware-legacy-d26-g0 ok | status=ready webgl=ok errors=0 fixture=0 offsite=0 | 3711 ms | 754 KB | 1578 colours
SMOKE view=p2&combo=aware-legacy-d26-g20 ok | status=ready webgl=ok errors=0 fixture=0 offsite=0 | 3706 ms | 752 KB | 1569 colours
SMOKE view=p2&combo=aware-legacy-cheapest-g0 ok | status=ready webgl=ok errors=0 fixture=0 offsite=0 | 3708 ms | 753 KB | 1576 colours
SMOKE view=p2&combo=aware-legacy-cheapest-g20 ok | status=ready webgl=ok errors=0 fixture=0 offsite=0 | 3675 ms | 752 KB | 1580 colours
SMOKE view=p2&combo=naive-core-d26-g0 ok | status=ready webgl=ok errors=0 fixture=0 offsite=0 | 3927 ms | 763 KB | 1668 colours
SMOKE view=p2&combo=naive-core-d26-g20 ok | status=ready webgl=ok errors=0 fixture=0 offsite=0 | 3926 ms | 757 KB | 1671 colours
SMOKE view=p2&combo=naive-core-cheapest-g0 ok | status=ready webgl=ok errors=0 fixture=0 offsite=0 | 3724 ms | 763 KB | 1640 colours
SMOKE view=p2&combo=naive-core-cheapest-g20 ok | status=ready webgl=ok errors=0 fixture=0 offsite=0 | 3717 ms | 757 KB | 1670 colours
SMOKE view=p2&combo=naive-legacy-d26-g0 ok | status=ready webgl=ok errors=0 fixture=0 offsite=0 | 3909 ms | 763 KB | 1659 colours
SMOKE view=p2&combo=naive-legacy-d26-g20 ok | status=ready webgl=ok errors=0 fixture=0 offsite=0 | 3939 ms | 754 KB | 1655 colours
SMOKE view=p2&combo=naive-legacy-cheapest-g0 ok | status=ready webgl=ok errors=0 fixture=0 offsite=0 | 4115 ms | 762 KB | 1648 colours
SMOKE view=p2&combo=naive-legacy-cheapest-g20 ok | status=ready webgl=ok errors=0 fixture=0 offsite=0 | 3801 ms | 753 KB | 1656 colours
SMOKE view=p2&combo=naive-core-d26-g0&home=p1ulv24700 ok | status=ready webgl=ok errors=0 fixture=0 offsite=0 | 3932 ms | 688 KB | 1480 colours
SMOKE view=p2&combo=aware-core-d26-g0&n=5 ok | status=ready webgl=ok errors=0 fixture=0 offsite=0 | 3704 ms | 754 KB | 1575 colours
SMOKE view=more ok | status=ready webgl=ok errors=0 fixture=0 offsite=0 | 5026 ms | 650 KB | 822 colours
SMOKE view=p1&branch=naive&t=16:00&cam=street&beat=problem ok | status=ready webgl=ok errors=0 fixture=0 offsite=0 | 5923 ms | 659 KB | 1845 colours
SMOKE view=p1&branch=aware&t=16:45&cam=street&beat=peak-relief ok | status=ready webgl=ok errors=0 fixture=0 offsite=0 | 7075 ms | 668 KB | 1852 colours
SMOKE view=p2&combo=aware-core-d26-g0&beat=insight ok | status=ready webgl=ok errors=0 fixture=0 offsite=0 | 3871 ms | 687 KB | 1515 colours
SMOKE view=p1&branch=naive&t=20:00&cam=street&beat=backfeed ok | status=ready webgl=ok errors=0 fixture=0 offsite=0 | 5962 ms | 659 KB | 1975 colours
SMOKE view=p1&branch=naive&t=22:30&cam=street&beat=rebound-naive ok | status=ready webgl=ok errors=0 fixture=0 offsite=0 | 5141 ms | 681 KB | 2288 colours
SMOKE view=p1&branch=aware&t=22:30&cam=street&beat=rebound-aware ok | status=ready webgl=ok errors=0 fixture=0 offsite=0 | 6805 ms | 666 KB | 1897 colours
SMOKE view=p1&branch=aware_faults&t=22:16&cam=street&beat=faults ok | status=ready webgl=ok errors=0 fixture=0 offsite=0 | 6917 ms | 662 KB | 1894 colours
SMOKE view=p2&combo=aware-core-d26-g0&n=5&beat=p2-controls ok | status=ready webgl=ok errors=0 fixture=0 offsite=0 | 4146 ms | 764 KB | 1671 colours
SMOKE view=p2&combo=naive-core-d26-g0&beat=p2-flip ok | status=ready webgl=ok errors=0 fixture=0 offsite=0 | 3957 ms | 790 KB | 1670 colours
SMOKE view=p2&combo=aware-core-d26-g0&n=10&beat=p2-capacity ok | status=ready webgl=ok errors=0 fixture=0 offsite=0 | 4475 ms | 743 KB | 1555 colours
SMOKE view=more&beat=money ok | status=ready webgl=ok errors=0 fixture=0 offsite=0 | 5568 ms | 632 KB | 870 colours
SMOKE view=more&beat=plug-in ok | status=ready webgl=ok errors=0 fixture=0 offsite=0 | 5418 ms | 628 KB | 825 colours
SMOKE: 38/38 ok
