CHECK root=/Users/rzalagbada/hb-overnight/judge-0 head=2f5b87d lane=none full=1 py=/Users/rzalagbada/hb-overnight/.venv/bin/python logs=/Users/rzalagbada/hb-overnight/tmp/check-judge-0
== 1 unit
STEP unit: PASS (Ran 102 tests)
== 2 node
STEP node: PASS (# pass 10 # fail 0 )
== 3 keep (7.1)
keep: grid-stories py ok (Ran 8 tests) ; grid-stories node ok (# pass 3 # fail 0 ) ; four-home ok (Ran 17 tests)
STEP keep: PASS (prototype 8 + 3, four-home 17)
== 4 contract
contract total 46 files, 15.31 MB (budget 25.0 MB, 4.0 MB per file); 30456 labelled numbers
CONTRACTS: PASS (46 files, 15.31 MB, 30456 labelled numbers)
STEP contract: PASS ((46 files, 15.31 MB, 30456 labelled numbers))
== 5 verify
VERIFY labels: PASS (46 files, 30456 labelled numbers)
VERIFY p1: PASS (1 expectations refuted, see NOTES.md: rotation)
VERIFY p2: PASS (0 expectations refuted, see NOTES.md)
STEP verify: PASS (labels p1 p2)
== 7+8 smoke all + rebuild (one heavy-run lock hold)
SMOKE root=/Users/rzalagbada/hb-overnight/judge-0 port=56206 mode=all links=26 shots=/Users/rzalagbada/Desktop/projects/base-power-hackathon/overnight/shots/judge-R0
SMOKE: 26/26 ok
STEP smoke: PASS (all: SMOKE: 26/26 ok)
BUILD topology: OK (1 s)
BUILD fixtures: OK (0 s)
BUILD p1: OK (13 s)
BUILD p2: OK (18 s)
BUILD referee: OK (94 s)
BUILD: PASS
determinism: rebuild left ui/data and data/out byte-identical
VERIFY p1: PASS (1 expectations refuted, see NOTES.md: rotation)
determinism: rebuild byte-identical (5 files)   [INVARIANT]
VERIFY p2: PASS (0 expectations refuted, see NOTES.md)
determinism: rebuild byte-identical (19 files)   [INVARIANT]
STEP rebuild: PASS (build_all all + verify --rebuild)
CHECK took 297 s
ALL CHECKS: PASS
exit=0
11:06:46Z
