contract engine.json                                        1.9 KB  ok
contract fixtures/p1/aware.json                           328.4 KB  ok
contract fixtures/p1/aware_faults.json                    328.2 KB  ok
contract fixtures/p1/meta.json                             10.8 KB  ok
contract fixtures/p1/naive.json                           322.4 KB  ok
contract fixtures/p1/none.json                            303.1 KB  ok
contract fixtures/p2/aware-core-cheapest-g0.json          127.8 KB  ok
contract fixtures/p2/aware-core-cheapest-g20.json         130.1 KB  ok
contract fixtures/p2/aware-core-d26-g0.json               127.8 KB  ok
contract fixtures/p2/aware-core-d26-g20.json              130.1 KB  ok
contract fixtures/p2/aware-legacy-cheapest-g0.json        127.8 KB  ok
contract fixtures/p2/aware-legacy-cheapest-g20.json       130.1 KB  ok
contract fixtures/p2/aware-legacy-d26-g0.json             127.8 KB  ok
contract fixtures/p2/aware-legacy-d26-g20.json            130.1 KB  ok
contract fixtures/p2/index.json                            32.0 KB  ok
contract fixtures/p2/naive-core-cheapest-g0.json          145.3 KB  ok
contract fixtures/p2/naive-core-cheapest-g20.json         146.8 KB  ok
contract fixtures/p2/naive-core-d26-g0.json               145.3 KB  ok
contract fixtures/p2/naive-core-d26-g20.json              146.8 KB  ok
contract fixtures/p2/naive-legacy-cheapest-g0.json        143.5 KB  ok
contract fixtures/p2/naive-legacy-cheapest-g20.json       144.9 KB  ok
contract fixtures/p2/naive-legacy-d26-g0.json             143.5 KB  ok
contract fixtures/p2/naive-legacy-d26-g20.json            144.8 KB  ok
contract p1/aware.json                                   1948.6 KB  ok
contract p1/aware_faults.json                            1948.5 KB  ok
contract p1/meta.json                                      28.9 KB  ok
contract p1/naive.json                                   1943.6 KB  ok
contract p1/none.json                                    1826.9 KB  ok
contract p2/aware-core-cheapest-g0.json                   249.9 KB  ok
contract p2/aware-core-cheapest-g20.json                  250.9 KB  ok
contract p2/aware-core-d26-g0.json                        259.5 KB  ok
contract p2/aware-core-d26-g20.json                       250.6 KB  ok
contract p2/aware-legacy-cheapest-g0.json                 249.1 KB  ok
contract p2/aware-legacy-cheapest-g20.json                250.4 KB  ok
contract p2/aware-legacy-d26-g0.json                      248.7 KB  ok
contract p2/aware-legacy-d26-g20.json                     250.6 KB  ok
contract p2/index.json                                     79.2 KB  ok
contract p2/naive-core-cheapest-g0.json                   256.5 KB  ok
contract p2/naive-core-cheapest-g20.json                  256.6 KB  ok
contract p2/naive-core-d26-g0.json                        266.5 KB  ok
contract p2/naive-core-d26-g20.json                       256.6 KB  ok
contract p2/naive-legacy-cheapest-g0.json                 255.1 KB  ok
contract p2/naive-legacy-cheapest-g20.json                256.2 KB  ok
contract p2/naive-legacy-d26-g0.json                      255.1 KB  ok
contract p2/naive-legacy-d26-g20.json                     255.0 KB  ok
contract topology.json                                    320.2 KB  ok
contract total 46 files, 15.31 MB (budget 25.0 MB, 4.0 MB per file); 30456 labelled numbers
CONTRACTS: PASS (46 files, 15.31 MB, 30456 labelled numbers)
