topology.json: {'homes': 1010, 'transformers': 379, 'edges': 2531, 'fleet': 96, 'eligible': 1007} -> ui/data/topology.json (320 KB)
BUILD topology: OK (1 s)
fixtures: 22 files, 3.44 MB -> ui/data/fixtures
BUILD fixtures: OK (0 s)
P1 build 2026-08-23 16:00 + 720 x 60 s -> /Users/rzalagbada/hb-overnight/judge-0/ui/data/p1
  none: max 122.1% (3.1 s)
  naive: max 201.2% (6.1 s)
  aware: max 119.5% (9.2 s)
  aware_faults (12.4 s)
  wrote meta.json 29 KB
  wrote none.json 1827 KB
  wrote naive.json 1944 KB
  wrote aware.json 1949 KB
  wrote aware_faults.json 1949 KB
P1 build: 2884 OpenDSS solves in 12.4 s (4.3 ms/step incl. controller); Tc 22:00 ; 7.52 MB
BUILD p1: OK (13 s)
p2 naive-core-d26-g0: 0.3 s; #1 Home 0126
p2 naive-core-d26-g20: 0.3 s; #1 Home 0126
p2 naive-core-cheapest-g0: 0.3 s; #1 Home 0312
p2 naive-core-cheapest-g20: 0.3 s; #1 Home 0541
p2 naive-legacy-d26-g0: 0.3 s; #1 Home 0531
p2 naive-legacy-d26-g20: 0.3 s; #1 Home 0195
p2 naive-legacy-cheapest-g0: 0.3 s; #1 Home 0531
p2 naive-legacy-cheapest-g20: 0.3 s; #1 Home 0195
p2 aware-core-d26-g0: 0.9 s; #1 Home 0409
p2 aware-core-d26-g20: 0.9 s; #1 Home 0195
p2 aware-core-cheapest-g0: 0.9 s; #1 Home 0409
p2 aware-core-cheapest-g20: 0.9 s; #1 Home 0195
p2 aware-legacy-d26-g0: 0.9 s; #1 Home 0409
p2 aware-legacy-d26-g20: 0.9 s; #1 Home 0195
p2 aware-legacy-cheapest-g0: 0.9 s; #1 Home 0409
p2 aware-legacy-cheapest-g20: 0.9 s; #1 Home 0195
useful capacity: naive 383 / aware 1007
p2 build: 17.7 s
BUILD p2: OK (18 s)
referee baseline aware-core-d26-g0: 2976 steps, 4.2 ms/step; shortlist err max 0.27 pts; normal events 0 (battery-caused 0); placed 0
referee baseline naive-core-d26-g0: 2976 steps, 4.1 ms/step; shortlist err max 0.27 pts; normal events 308 (battery-caused 308); placed 0
referee top5     aware-core-d26-g0: 2976 steps, 4.1 ms/step; shortlist err max 0.43 pts; normal events 0 (battery-caused 0); placed 5
referee top5     naive-core-d26-g0: 2976 steps, 4.1 ms/step; shortlist err max 0.69 pts; normal events 308 (battery-caused 308); placed 5
referee baseline aware-core-d26-g20: 2976 steps, 4.2 ms/step; shortlist err max 0.42 pts; normal events 5 (battery-caused 0); placed 0
referee baseline naive-core-d26-g20: 2976 steps, 4.1 ms/step; shortlist err max 0.42 pts; normal events 374 (battery-caused 366); placed 0
referee: 6 runs x 2976 | shortlist [104, 290, 95, 285, 201, 240, 142, 92] | error max 0.69 pts, p99 0.25 pts; all tfs max 1.25, p99 0.17; tier agreement 100.0% | 4.1 ms/step | 77 s
referee: wrote data/out/referee-2026-08.json; re-merging into ui/data/p2 (sim.p2_build)
p2 naive-core-d26-g0: 0.3 s; #1 Home 0126
p2 naive-core-d26-g20: 0.3 s; #1 Home 0126
p2 naive-core-cheapest-g0: 0.3 s; #1 Home 0312
p2 naive-core-cheapest-g20: 0.3 s; #1 Home 0541
p2 naive-legacy-d26-g0: 0.3 s; #1 Home 0531
p2 naive-legacy-d26-g20: 0.3 s; #1 Home 0195
p2 naive-legacy-cheapest-g0: 0.3 s; #1 Home 0531
p2 naive-legacy-cheapest-g20: 0.3 s; #1 Home 0195
p2 aware-core-d26-g0: 0.9 s; #1 Home 0409
p2 aware-core-d26-g20: 0.9 s; #1 Home 0195
p2 aware-core-cheapest-g0: 0.9 s; #1 Home 0409
p2 aware-core-cheapest-g20: 0.9 s; #1 Home 0195
p2 aware-legacy-d26-g0: 0.8 s; #1 Home 0409
p2 aware-legacy-d26-g20: 0.8 s; #1 Home 0195
p2 aware-legacy-cheapest-g0: 0.8 s; #1 Home 0409
p2 aware-legacy-cheapest-g20: 0.8 s; #1 Home 0195
useful capacity: naive 383 / aware 1007
p2 build: 17.0 s
BUILD referee: OK (94 s)
BUILD: PASS
