SMOKE root=/Users/rzalagbada/hb-overnight/judge-0-preview port=56838 mode=all links=38 shots=/Users/rzalagbada/Desktop/projects/base-power-hackathon/overnight/shots/judge-R0-preview
SMOKE view=p1&branch=none&t=16:45&cam=street ok | status=ready webgl=ok errors=0 fixture=0 offsite=0 | 9590 ms | 609 KB | 1701 colours
SMOKE view=p1&branch=aware&t=16:45 ok | status=ready webgl=ok errors=0 fixture=0 offsite=0 | 4738 ms | 778 KB | 1621 colours
SMOKE view=p1&branch=naive&t=22:30 ok | status=ready webgl=ok errors=0 fixture=0 offsite=0 | 3881 ms | 784 KB | 1702 colours
SMOKE view=p1&branch=aware&t=22:30 ok | status=ready webgl=ok errors=0 fixture=0 offsite=0 | 4021 ms | 783 KB | 1663 colours
SMOKE view=p1&branch=aware_faults&t=22:16 ok | status=ready webgl=ok errors=0 fixture=0 offsite=0 | 4094 ms | 778 KB | 1626 colours
SMOKE view=p1&branch=naive&t=20:00&cam=feeder ok | status=ready webgl=ok errors=0 fixture=0 offsite=0 | 3987 ms | 786 KB | 1658 colours
SMOKE view=p1&branch=aware&t=22:30&nowebgl=1 ok | status=ready webgl=fallback errors=0 fixture=0 offsite=0 | 1469 ms | 406 KB | 823 colours
SMOKE view=p2&combo=aware-core-d26-g0 ok | status=ready webgl=ok errors=0 fixture=0 offsite=0 | 3830 ms | 757 KB | 1586 colours
SMOKE view=p2&combo=aware-core-d26-g20 ok | status=ready webgl=ok errors=0 fixture=0 offsite=0 | 3945 ms | 753 KB | 1582 colours
SMOKE view=p2&combo=aware-core-cheapest-g0 ok | status=ready webgl=ok errors=0 fixture=0 offsite=0 | 3933 ms | 756 KB | 1580 colours
SMOKE view=p2&combo=aware-core-cheapest-g20 ok | status=ready webgl=ok errors=0 fixture=0 offsite=0 | 3878 ms | 754 KB | 1589 colours
SMOKE view=p2&combo=aware-legacy-d26-g0 ok | status=ready webgl=ok errors=0 fixture=0 offsite=0 | 4621 ms | 756 KB | 1587 colours
SMOKE view=p2&combo=aware-legacy-d26-g20 ok | status=ready webgl=ok errors=0 fixture=0 offsite=0 | 3701 ms | 751 KB | 1589 colours
SMOKE view=p2&combo=aware-legacy-cheapest-g0 ok | status=ready webgl=ok errors=0 fixture=0 offsite=0 | 3998 ms | 755 KB | 1584 colours
SMOKE view=p2&combo=aware-legacy-cheapest-g20 ok | status=ready webgl=ok errors=0 fixture=0 offsite=0 | 3921 ms | 751 KB | 1595 colours
SMOKE view=p2&combo=naive-core-d26-g0 ok | status=ready webgl=ok errors=0 fixture=0 offsite=0 | 3901 ms | 746 KB | 1666 colours
SMOKE view=p2&combo=naive-core-d26-g20 ok | status=ready webgl=ok errors=0 fixture=0 offsite=0 | 3868 ms | 746 KB | 1674 colours
SMOKE view=p2&combo=naive-core-cheapest-g0 ok | status=ready webgl=ok errors=0 fixture=0 offsite=0 | 3931 ms | 744 KB | 1642 colours
SMOKE view=p2&combo=naive-core-cheapest-g20 ok | status=ready webgl=ok errors=0 fixture=0 offsite=0 | 3933 ms | 746 KB | 1667 colours
SMOKE view=p2&combo=naive-legacy-d26-g0 ok | status=ready webgl=ok errors=0 fixture=0 offsite=0 | 4167 ms | 745 KB | 1657 colours
SMOKE view=p2&combo=naive-legacy-d26-g20 ok | status=ready webgl=ok errors=0 fixture=0 offsite=0 | 4150 ms | 747 KB | 1670 colours
SMOKE view=p2&combo=naive-legacy-cheapest-g0 ok | status=ready webgl=ok errors=0 fixture=0 offsite=0 | 3929 ms | 744 KB | 1641 colours
SMOKE view=p2&combo=naive-legacy-cheapest-g20 ok | status=ready webgl=ok errors=0 fixture=0 offsite=0 | 3919 ms | 746 KB | 1669 colours
SMOKE view=p2&combo=naive-core-d26-g0&home=p1ulv24700 ok | status=ready webgl=ok errors=0 fixture=0 offsite=0 | 4050 ms | 728 KB | 1638 colours
SMOKE view=p2&combo=aware-core-d26-g0&n=5 ok | status=ready webgl=ok errors=0 fixture=0 offsite=0 | 3856 ms | 757 KB | 1586 colours
SMOKE view=more ok | status=ready webgl=ok errors=0 fixture=0 offsite=0 | 5389 ms | 651 KB | 824 colours
SMOKE view=p1&branch=naive&t=16:00&cam=street&beat=problem ok | status=ready webgl=ok errors=0 fixture=0 offsite=0 | 6848 ms | 659 KB | 1855 colours
SMOKE view=p1&branch=aware&t=16:45&cam=street&beat=peak-relief ok | status=ready webgl=ok errors=0 fixture=0 offsite=0 | 5835 ms | 661 KB | 1845 colours
SMOKE view=p2&combo=aware-core-d26-g0&beat=insight ok | status=ready webgl=ok errors=0 fixture=0 offsite=0 | 3898 ms | 684 KB | 1425 colours
SMOKE view=p1&branch=naive&t=20:00&cam=street&beat=backfeed ok | status=ready webgl=ok errors=0 fixture=0 offsite=0 | 6865 ms | 660 KB | 1973 colours
SMOKE view=p1&branch=naive&t=22:30&cam=street&beat=rebound-naive ok | status=ready webgl=ok errors=0 fixture=0 offsite=0 | 5485 ms | 676 KB | 2260 colours
SMOKE view=p1&branch=aware&t=22:30&cam=street&beat=rebound-aware ok | status=ready webgl=ok errors=0 fixture=0 offsite=0 | 7465 ms | 660 KB | 1883 colours
SMOKE view=p1&branch=aware_faults&t=22:16&cam=street&beat=faults ok | status=ready webgl=ok errors=0 fixture=0 offsite=0 | 7668 ms | 656 KB | 1871 colours
SMOKE view=p2&combo=aware-core-d26-g0&n=5&beat=p2-controls ok | status=ready webgl=ok errors=0 fixture=0 offsite=0 | 3907 ms | 739 KB | 1660 colours
SMOKE view=p2&combo=naive-core-d26-g0&beat=p2-flip ok | status=ready webgl=ok errors=0 fixture=0 offsite=0 | 4217 ms | 740 KB | 1564 colours
SMOKE view=p2&combo=aware-core-d26-g0&n=10&beat=p2-capacity ok | status=ready webgl=ok errors=0 fixture=0 offsite=0 | 3955 ms | 665 KB | 1396 colours
SMOKE view=more&beat=money ok | status=ready webgl=ok errors=0 fixture=0 offsite=0 | 5357 ms | 671 KB | 849 colours
SMOKE view=more&beat=plug-in ok | status=ready webgl=ok errors=0 fixture=0 offsite=0 | 5384 ms | 671 KB | 848 colours
SMOKE: 38/38 ok
