CHECK root=/Users/rzalagbada/hb-overnight/wt/l2-p1 head=fccaa91 lane=l2-p1 full=0 py=/Users/rzalagbada/hb-overnight/.venv/bin/python logs=/Users/rzalagbada/hb-overnight/tmp/check-l2-p1
== 1 unit
STEP unit: PASS (Ran 84 tests)
== 2 node
STEP node: PASS (# pass 10 # fail 0 )
== 3 keep (7.1)
keep: grid-stories py ok (Ran 8 tests) ; grid-stories node ok (# pass 3 # fail 0 ) ; four-home ok (Ran 17 tests)
STEP keep: PASS (prototype 8 + 3, four-home 17)
== 4 contract
contract total 29 files, 11.27 MB (budget 25.0 MB, 4.0 MB per file); 10309 labelled numbers
CONTRACTS: PASS (29 files, 11.27 MB, 10309 labelled numbers)
STEP contract: PASS ((29 files, 11.27 MB, 10309 labelled numbers))
== 5 verify
VERIFY labels: PASS (29 files, 10309 labelled numbers)
VERIFY p1: PASS (1 expectations refuted, see NOTES.md: rotation)
VERIFY p2: SKIP (no ui/data/p2/index.json yet)
STEP verify: PASS (labels p1 p2)
== 6 paths
PATHS: PASS (17 changed paths, all inside lane l2-p1; base c843806)
STEP paths: PASS (lane l2-p1)
== 7 smoke
SMOKE root=/Users/rzalagbada/hb-overnight/wt/l2-p1 port=53215 mode=--lane links=9 shots=/Users/rzalagbada/hb-overnight/tmp/shots-l2-p1
SMOKE view=p1&branch=none&t=16:45&cam=street ok | status=ready webgl=ok errors=0 fixture=0 offsite=0 | 5652 ms | 418 KB | 1430 colours
SMOKE view=p1&branch=aware&t=16:45 ok | status=ready webgl=ok errors=0 fixture=0 offsite=0 | 2613 ms | 204 KB | 617 colours
SMOKE view=p1&branch=naive&t=22:30 ok | status=ready webgl=ok errors=0 fixture=0 offsite=0 | 1768 ms | 202 KB | 605 colours
SMOKE view=p1&branch=aware&t=22:30 ok | status=ready webgl=ok errors=0 fixture=0 offsite=0 | 1811 ms | 197 KB | 590 colours
SMOKE view=p1&branch=aware_faults&t=22:16 ok | status=ready webgl=ok errors=0 fixture=0 offsite=0 | 1918 ms | 198 KB | 582 colours
SMOKE view=p1&branch=naive&t=20:00&cam=feeder ok | status=ready webgl=ok errors=0 fixture=0 offsite=0 | 1733 ms | 201 KB | 602 colours
SMOKE view=p1&branch=aware&t=22:30&nowebgl=1 ok | status=ready webgl=fallback errors=0 fixture=0 offsite=0 | 722 ms | 138 KB | 326 colours
SMOKE view=p2&combo=aware-core-d26-g0 ok | status=ready webgl=ok errors=0 fixture=1 offsite=0 | 2132 ms | 224 KB | 644 colours
SMOKE view=more ok | status=ready webgl=ok errors=0 fixture=0 offsite=0 | 1911 ms | 157 KB | 394 colours
SMOKE: 9/9 ok
STEP smoke: PASS (SMOKE: 9/9 ok)
CHECK took 29 s
ALL CHECKS: PASS
