requested 12:22:20
acquired 12:22:20
P1 build 2026-08-23 16:00 + 720 x 60 s -> /Users/rzalagbada/hb-overnight/wt/l2-p1/ui/data/p1
  none: max 122.1% (3.2 s)
  naive: max 201.2% (6.2 s)
  aware: max 119.5% (9.4 s)
  aware_faults (12.6 s)
  wrote meta.json 31 KB
  wrote none.json 1827 KB
  wrote naive.json 1944 KB
  wrote aware.json 1949 KB
  wrote aware_faults.json 1949 KB
P1 build: 2884 OpenDSS solves in 12.6 s (4.4 ms/step incl. controller); Tc 22:00 ; 7.52 MB
BUILD p1: OK (13 s)
BUILD: PASS
CHAOS 2026-08-23 16:00 + 720 x 60 s | 50 runs | seed 20260823 -> /Users/rzalagbada/hb-overnight/wt/l2-p1/ui/data/p1
  run  0: silent  9 at 22:14 ; hot tf 99 at 00:47 peak 49.3% ; stall 5 min at 22:44 ; battery-caused 0 ; amber-min 0 ; charged 100.0% (7 s)
  run  1: silent 10 at 22:10 ; hot tf 242 at 22:49 peak 74.6% ; stall 4 min at 23:31 ; battery-caused 0 ; amber-min 0 ; charged 100.0% (10 s)
  run  2: silent  2 at 22:18 ; hot tf 46 at 03:16 peak 50.2% ; stall 1 min at 00:26 ; battery-caused 0 ; amber-min 0 ; charged 100.0% (13 s)
  run  3: silent  5 at 03:16 ; hot tf 14 at 23:05 peak 56.5% ; stall 1 min at 23:35 ; battery-caused 0 ; amber-min 0 ; charged 100.0% (17 s)
  run  4: silent  3 at 01:16 ; hot tf 297 at 03:01 peak 71.0% ; stall 5 min at 23:40 ; battery-caused 0 ; amber-min 0 ; charged 100.0% (20 s)
  run  5: silent  4 at 22:15 ; hot tf 26 at 23:43 peak 72.1% ; stall 8 min at 23:18 ; battery-caused 0 ; amber-min 0 ; charged 100.0% (23 s)
  run  6: silent  6 at 00:50 ; hot tf 251 at 00:17 peak 71.6% ; stall 3 min at 02:15 ; battery-caused 0 ; amber-min 0 ; charged 100.0% (26 s)
  run  7: silent  9 at 01:44 ; hot tf 251 at 00:16 peak 71.6% ; stall 1 min at 02:02 ; battery-caused 0 ; amber-min 0 ; charged 100.0% (30 s)
  run  8: silent  8 at 23:35 ; hot tf 153 at 22:00 peak 74.8% ; stall 6 min at 23:11 ; battery-caused 0 ; amber-min 0 ; charged 100.0% (33 s)
  run  9: silent  6 at 23:22 ; hot tf 26 at 03:52 peak 46.9% ; stall 1 min at 01:14 ; battery-caused 0 ; amber-min 0 ; charged 100.0% (37 s)
  run 10: silent  2 at 00:39 ; hot tf 124 at 23:58 peak 69.8% ; stall 8 min at 03:55 ; battery-caused 0 ; amber-min 0 ; charged 99.6% (40 s)
  run 11: silent  2 at 23:39 ; hot tf 151 at 03:16 peak 67.1% ; stall 5 min at 00:54 ; battery-caused 0 ; amber-min 0 ; charged 100.0% (43 s)
  run 12: silent  7 at 01:00 ; hot tf 72 at 02:35 peak 66.6% ; stall 4 min at 02:16 ; battery-caused 0 ; amber-min 0 ; charged 100.0% (47 s)
  run 13: silent  2 at 22:30 ; hot tf 214 at 00:02 peak 95.9% ; stall 7 min at 23:35 ; battery-caused 0 ; amber-min 0 ; charged 100.0% (50 s)
  run 14: silent  8 at 22:52 ; hot tf 338 at 22:42 peak 95.8% ; stall 7 min at 22:53 ; battery-caused 0 ; amber-min 0 ; charged 100.0% (53 s)
  run 15: silent  9 at 22:06 ; hot tf 243 at 23:21 peak 25.3% ; stall 3 min at 00:46 ; battery-caused 0 ; amber-min 0 ; charged 100.0% (57 s)
  run 16: silent  7 at 23:02 ; hot tf 223 at 01:49 peak 70.9% ; stall 4 min at 02:21 ; battery-caused 0 ; amber-min 0 ; charged 100.0% (60 s)
  run 17: silent  3 at 22:56 ; hot tf 64 at 00:08 peak 68.3% ; stall 7 min at 01:22 ; battery-caused 0 ; amber-min 0 ; charged 100.0% (64 s)
  run 18: silent  7 at 03:13 ; hot tf 127 at 02:19 peak 95.9% ; stall 5 min at 03:15 ; battery-caused 0 ; amber-min 0 ; charged 100.0% (67 s)
  run 19: silent  6 at 22:56 ; hot tf 84 at 23:03 peak 55.2% ; stall 6 min at 22:06 ; battery-caused 0 ; amber-min 0 ; charged 100.0% (71 s)
  run 20: silent  8 at 01:16 ; hot tf 98 at 02:12 peak 67.2% ; stall 1 min at 22:05 ; battery-caused 0 ; amber-min 0 ; charged 100.0% (74 s)
  run 21: silent  5 at 23:09 ; hot tf 146 at 01:30 peak 53.6% ; stall 3 min at 01:46 ; battery-caused 0 ; amber-min 0 ; charged 100.0% (77 s)
  run 22: silent  7 at 02:16 ; hot tf 125 at 22:31 peak 75.7% ; stall 8 min at 23:43 ; battery-caused 0 ; amber-min 0 ; charged 100.0% (81 s)
  run 23: silent  2 at 02:11 ; hot tf 338 at 02:25 peak 96.2% ; stall 6 min at 22:30 ; battery-caused 0 ; amber-min 0 ; charged 100.0% (84 s)
  run 24: silent  5 at 01:30 ; hot tf 110 at 22:10 peak 90.7% ; stall 1 min at 03:51 ; battery-caused 0 ; amber-min 0 ; charged 100.0% (87 s)
  run 25: silent  9 at 01:04 ; hot tf 110 at 23:32 peak 82.8% ; stall 1 min at 01:08 ; battery-caused 0 ; amber-min 0 ; charged 100.0% (91 s)
  run 26: silent  2 at 23:04 ; hot tf 83 at 23:04 peak 55.0% ; stall 7 min at 00:01 ; battery-caused 0 ; amber-min 0 ; charged 100.0% (94 s)
  run 27: silent  6 at 01:01 ; hot tf 73 at 22:03 peak 78.5% ; stall 1 min at 00:58 ; battery-caused 0 ; amber-min 0 ; charged 100.0% (97 s)
  run 28: silent  2 at 23:41 ; hot tf 156 at 23:57 peak 96.1% ; stall 2 min at 22:30 ; battery-caused 0 ; amber-min 0 ; charged 100.0% (101 s)
  run 29: silent  4 at 00:17 ; hot tf 246 at 02:07 peak 96.1% ; stall 5 min at 03:16 ; battery-caused 0 ; amber-min 0 ; charged 100.0% (104 s)
  run 30: silent  3 at 23:52 ; hot tf 61 at 23:38 peak 72.9% ; stall 7 min at 00:38 ; battery-caused 0 ; amber-min 0 ; charged 100.0% (108 s)
  run 31: silent  5 at 23:55 ; hot tf 70 at 02:51 peak 50.3% ; stall 3 min at 23:26 ; battery-caused 0 ; amber-min 0 ; charged 100.0% (111 s)
  run 32: silent  6 at 02:00 ; hot tf 46 at 22:30 peak 58.3% ; stall 2 min at 03:14 ; battery-caused 0 ; amber-min 0 ; charged 100.0% (114 s)
  run 33: silent  1 at 01:55 ; hot tf 126 at 03:50 peak 42.4% ; stall 8 min at 22:51 ; battery-caused 0 ; amber-min 0 ; charged 100.0% (118 s)
  run 34: silent  2 at 01:01 ; hot tf 272 at 02:05 peak 96.1% ; stall 5 min at 00:38 ; battery-caused 0 ; amber-min 0 ; charged 100.0% (121 s)
  run 35: silent  1 at 01:24 ; hot tf 209 at 01:56 peak 124.2% ; stall 8 min at 23:47 ; battery-caused 0 ; amber-min 1 ; charged 100.0% (124 s)
  run 36: silent  4 at 03:02 ; hot tf 62 at 03:31 peak 68.7% ; stall 8 min at 00:46 ; battery-caused 0 ; amber-min 0 ; charged 100.0% (127 s)
  run 37: silent  6 at 22:49 ; hot tf 242 at 22:11 peak 77.7% ; stall 7 min at 03:19 ; battery-caused 0 ; amber-min 0 ; charged 100.0% (131 s)
  run 38: silent  5 at 03:13 ; hot tf 12 at 02:18 peak 51.4% ; stall 4 min at 03:19 ; battery-caused 0 ; amber-min 0 ; charged 100.0% (134 s)
  run 39: silent 10 at 22:36 ; hot tf 40 at 01:26 peak 53.6% ; stall 4 min at 22:40 ; battery-caused 0 ; amber-min 0 ; charged 100.0% (137 s)
  run 40: silent  2 at 01:40 ; hot tf 24 at 02:33 peak 80.0% ; stall 7 min at 03:22 ; battery-caused 0 ; amber-min 0 ; charged 100.0% (141 s)
  run 41: silent  4 at 02:52 ; hot tf 297 at 22:00 peak 70.4% ; stall 4 min at 01:37 ; battery-caused 0 ; amber-min 0 ; charged 100.0% (144 s)
  run 42: silent  2 at 03:35 ; hot tf 272 at 23:29 peak 96.1% ; stall 6 min at 00:03 ; battery-caused 0 ; amber-min 0 ; charged 100.0% (147 s)
  run 43: silent  9 at 22:55 ; hot tf 150 at 01:08 peak 124.1% ; stall 8 min at 23:28 ; battery-caused 0 ; amber-min 1 ; charged 100.0% (151 s)
  run 44: silent  9 at 23:58 ; hot tf 153 at 02:17 peak 67.7% ; stall 8 min at 00:15 ; battery-caused 0 ; amber-min 0 ; charged 100.0% (154 s)
  run 45: silent  8 at 22:28 ; hot tf 243 at 00:09 peak 64.4% ; stall 1 min at 03:42 ; battery-caused 0 ; amber-min 0 ; charged 100.0% (157 s)
  run 46: silent  5 at 03:26 ; hot tf 105 at 03:51 peak 65.8% ; stall 5 min at 00:49 ; battery-caused 0 ; amber-min 0 ; charged 100.0% (161 s)
  run 47: silent  3 at 03:07 ; hot tf 335 at 01:14 peak 96.0% ; stall 5 min at 02:19 ; battery-caused 0 ; amber-min 0 ; charged 100.0% (164 s)
  run 48: silent  6 at 23:50 ; hot tf 246 at 02:57 peak 96.1% ; stall 7 min at 03:00 ; battery-caused 0 ; amber-min 0 ; charged 100.0% (167 s)
  run 49: silent  1 at 03:50 ; hot tf 81 at 02:00 peak 66.4% ; stall 2 min at 23:19 ; battery-caused 0 ; amber-min 0 ; charged 100.0% (171 s)
CHAOS: 50 runs, 36771 OpenDSS solves in 170.8 s ; Tc 22:00 Tend 03:59 ; battery-caused normal 0 emergency 0 (runs with any: 0/50) ; home-only normal 0 emergency 0 ; wrote chaos.json 162 KB

real	2m51.055s
user	2m50.193s
sys	0m0.378s
P1 2026-08-23 16:00->04:00 | 720 x 60 s | none,naive,aware,aware_faults | OpenDSS solves 2884 | 2.1 ms/solve (engine.json)
prices REAL LZ_NORTH sha256 0487b9d1... | loads SIM SMART-DS 2018 same date, 15->1 min (DERIVED) | battery pf 1.0 (ASSUMPTION) | controller view: total transformer load, 60 s lag (ASSUMPTION)
plan DERIVED: discharge 19:45 20:00 21:00 21:15 (+20:15 13 min) | onset 22:00 $55.42 (D-26 binding, 2 x median 37.215)   [INVARIANT]
labels : every headline metric labelled (133 labelled, 0 bare)   [INVARIANT]
aware  : battery-caused normal 0 ; battery-caused emergency 0   [INVARIANT]
         reserve breaches 0 (summary 0) ; charged by 04:00 100.0% (>= 95%)   [INVARIANT]
         non-increasing seq accepted 0 ; commands acted on after expiry 0 (69120 commands issued, 0 refused)   [INVARIANT]
         battery-caused minutes >100%: 0   [EXPECT: 0] ok
faults : comms_lost Tc+15 (22:15) on Home 0222, command +19.0 kW (nonzero) ; stale at +3 ; expired + idle, backup armed, at +5 (<= +5) ; covered 0 s after expiry (<= 60 s)   [INVARIANT]
         stall Tc+55 8 min: 30 live commands, all expired by +4 (<= +5) ; battery-caused normal 0 / emergency 0   [INVARIANT]
         hot C Tc+35 (+7.2 kW EV): max 46.8% ; back <= 100% after 0 steps ; C's batteries +0.0 -> +0.0 -> +0.0 kW at Tc+34..+36 (not charging when the EV arrives: the throttle is not exercised)   [EXPECT: back <= 100% within 2 steps] ok
none   : A peak 122.1% at 16:45 (driver Home 0212 res_kw_38274_pu) ; 240 peak 119.5% at 16:45 ; normal-tier events 0 ; emergency 0   [EXPECT: A > 110, peak in 16:30-17:00] ok
naive  : normal-tier events 11 ; emergency tfs 3 ; A max 201.2% at 22:30 (above 200% for 9 min; the ASSUMPTION fuse needs 10) ; back-feed max 139.7% on tf 246 at 21:29 ; protection operated: none (ASSUMPTION rule)   [EXPECT: normal >= 1 ; emergency >= 1 ; back-feed > 110 on >= 1 tf] ok
relief : A at its peak none 122.1% -> aware 97.8% ; minutes > 100% none 17 -> aware 0 ; relief kW 6.92 (largest, at 16:46; 6.17 at 16:45), kWh 1.194 ; driver Home 0212 res_kw_38274_pu (22.7 kW; also Home 0409 tf 240, Home 0504 tf 103)   [EXPECT: aware <= 100%, 0 min] ok
relief : A's batteries give 6.92 kW at 16:46 (largest relief minute) and 6.17 kW at 16:45 (the peak minute) = aware.json focus.A.batKW 6.9 / 6.2   [INVARIANT]
bridge : unrelieved (home load only, no battery): tf 240 119.5% at 16:45, driver Home 0409 res_kw_38274_pu -> P2   [report]
rotation: hand-offs among A-D 99 (5.4.3 definition) ; kWh charged per focus tf 55.1/51.6/48.5/92.1 ; min distinct A-D batteries charging per 10 min 0 (9 batteries, 36 windows from Tc)   [EXPECT: n >= 3 ; each >= 1 kWh ; m >= 3] REFUTED
grid   : none: min service voltage 0.9865 pu = 118.4 V (Home 0504, 16:45) ; voltage stays in range at unity pf (SIM) ; feeder head max 80.4% of 370 A at 17:00 ; after the onset max 47.9% at 22:00   [report]
grid   : naive: min service voltage 0.9707 pu = 116.5 V (Home 0111, 22:00) ; voltage stays in range at unity pf (SIM) ; feeder head max 80.4% of 370 A at 17:00 ; after the onset max 73.9% at 22:00   [report]
grid   : aware: min service voltage 0.9771 pu = 117.3 V (Home 0111, 22:10) ; voltage stays in range at unity pf (SIM) ; feeder head max 80.4% of 370 A at 17:00 ; after the onset max 57.4% at 22:05   [report]
grid   : aware_faults: min service voltage 0.9771 pu = 117.3 V (Home 0111, 22:10) ; voltage stays in range at unity pf (SIM) ; feeder head max 80.4% of 370 A at 17:00 ; after the onset max 57.4% at 22:05   [report]
money  : energy value naive $893.83 / aware $916.56 / aware_faults $917.77 (DERIVED) ; cost of awareness $-22.73 (DERIVED, may be negative)   [report]
scale  : 40 kW (2 batteries on A) = 160% of A's 25 kVA can ; 0.5% of the feeder head (7,991.5 kVA) ; 0.000049% of ERCOT (81,612 MW peak demand, 2026-09-25 16:40 CT) (DERIVED)   [INVARIANT]
chaos  : 50 runs (CHAOS_RUNS 50, seed 20260823) of 2026-08-23 16:00 + 720 min ; silent 1-10 batteries (rule 1-10) ; stall 1-8 min (rule 1-8) ; hot tf drawn from the 87 fleet transformers (39 distinct) ; events from Tc 22:00 to Tend 03:59   [INVARIANT]
chaos  : battery-caused normal-tier events 0 ; battery-caused emergency transformers 0 ; runs with any 0/50   [INVARIANT]
chaos  : reserve breaches 0 ; commands acted on after expiry 0 ; non-increasing seq accepted 0 (all runs)   [INVARIANT]
chaos  : silent units 257 ; idle with backup armed from their last command's expiry on 257 (+0 expire after the window) ; marked stale 3-3 min after going silent (3 = COMMS_STALE_S, later only when a stall overlaps)   [INVARIANT]
chaos  : every number labelled or an id/counter ; bare: 0   [INVARIANT]
chaos  : batteries that never went silent, mean SoC at the deadline: min 99.6% (median 100.0%) over 50 runs   [EXPECT: >= 95% in every run] ok
chaos  : amber (not a violation), battery-caused transformer-minutes > 100% per run: max 1, runs with any 2/50 ; on the hot tf: max 1 min   [report]
chaos  : home load alone (not the orchestrator's): normal-tier events 0 ; emergency tfs 0 ; hot tf peak 25.3-124.2% ; protection operated 0 (ASSUMPTION rule)   [report]
chaos  : cover: runs where the responsive fleet's grants rose within 60 s of the silent units' expiry 47/47 (runs with live charge released and the controller running)   [report]
determinism: not checked (run --full)
VERIFY p1: PASS (1 expectations refuted, see NOTES.md: rotation)
released 12:25:24
exit 0
