P1 2026-08-23 16:00->04:00 | 720 x 60 s | none,naive,aware,aware_faults | OpenDSS solves 2884 | ms/solve: see engine.json
prices REAL LZ_NORTH sha256 0487b9d1... | loads SIM SMART-DS 2018 same date, 15->1 min (DERIVED) | battery pf 1.0 (ASSUMPTION) | controller view: total transformer load, 60 s lag (ASSUMPTION)
plan DERIVED: discharge 19:45 20:00 21:00 21:15 (+20:15 13 min) | onset 22:00 $55.42 (D-26 binding, 2 x median 37.215)   [INVARIANT]
labels : every headline metric labelled (122 labelled, 0 bare)   [INVARIANT]
aware  : battery-caused normal 0 ; battery-caused emergency 0   [INVARIANT]
         reserve breaches 0 (summary 0) ; charged by 04:00 100.0% (>= 95%)   [INVARIANT]
         non-increasing seq accepted 0 ; commands acted on after expiry 0 (69120 commands issued, 0 refused)   [INVARIANT]
         battery-caused minutes >100%: 0   [EXPECT: 0] ok
faults : comms_lost Tc+15 (22:15) on Home 0222, command +20.0 kW (nonzero) ; stale at +3 ; expired + idle, backup armed, at +5 (<= +5) ; covered 0 s after expiry (<= 60 s)   [INVARIANT]
         stall Tc+55 8 min: 30 live commands, all expired by +4 (<= +5) ; battery-caused normal 0 / emergency 0   [INVARIANT]
         hot C Tc+35 (+7.2 kW EV): excursion 46.8% ; back <= 100% after 0 steps   [EXPECT: back <= 100% within 2 steps] ok
none   : A peak 122.1% at 16:45 (driver Home 0212 res_kw_38274_pu) ; 240 peak 119.5% at 16:45 ; normal-tier events 0 ; emergency 0   [EXPECT: A > 110, peak in 16:30-17:00] ok
naive  : normal-tier events 11 ; emergency tfs 3 ; A max 201.2% at 22:30 ; back-feed max 139.7% on tf 246 at 21:29 ; protection operated: none (ASSUMPTION rule)   [EXPECT: normal >= 1 ; emergency >= 1 ; back-feed > 110 on >= 1 tf] ok
relief : A at its peak none 122.1% -> aware 98.1% ; minutes > 100% none 17 -> aware 0 ; relief kW 6.98, kWh 1.196 ; driver Home 0212 res_kw_38274_pu (22.7 kW; also Home 0409 tf 240, Home 0504 tf 103)   [EXPECT: aware <= 100%, 0 min] ok
bridge : unrelieved (home load only, no battery): tf 240 119.5% at 16:45, driver Home 0409 res_kw_38274_pu -> P2   [report]
rotation: hand-offs among A-D 116 (5.4.3 definition) ; kWh charged per focus tf 55.1/51.9/49.1/92.1 ; min distinct A-D batteries charging per 10 min 1 (9 batteries, 36 windows from Tc)   [EXPECT: n >= 3 ; each >= 1 kWh ; m >= 3] REFUTED
grid   : none: min service voltage 0.9865 pu = 118.4 V (Home 0504, 16:45) ; homes < 0.95 pu 0 ; feeder head max 80.4% of 370 A at 17:00   [report]
grid   : naive: min service voltage 0.9707 pu = 116.5 V (Home 0111, 22:00) ; homes < 0.95 pu 0 ; feeder head max 80.4% of 370 A at 17:00   [report]
grid   : aware: min service voltage 0.9770 pu = 117.2 V (Home 0111, 22:10) ; homes < 0.95 pu 0 ; feeder head max 80.4% of 370 A at 17:00   [report]
grid   : aware_faults: min service voltage 0.9770 pu = 117.2 V (Home 0111, 22:10) ; homes < 0.95 pu 0 ; feeder head max 80.4% of 370 A at 17:00   [report]
money  : energy value naive $893.83 / aware $916.54 / aware_faults $917.76 (DERIVED) ; cost of awareness $-22.71 (DERIVED, may be negative)   [report]
determinism: rebuild byte-identical (5 files)   [INVARIANT]
VERIFY p1: PASS (1 expectations refuted, see NOTES.md: rotation)
~/hb-overnight/.venv/bin/python -m sim.verify p1 --rebuild  12.73s user 0.07s system 99% cpu 12.908 total
