✔ charts: every chart refuses to draw without an honesty label (1.399166ms)
✔ charts: loading bands (display only) at the tier lines (0.632042ms)
✔ charts: a 31 x 24 heat strip draws 744 cells in the right bands (pct tenths in) (0.94175ms)
✔ charts: line chart draws one path per series, breaks on gaps, and draws reference lines (0.238875ms)
✔ charts: bar chart draws only positive bars; histogram mode (0.139458ms)
✔ charts: price strip and the price-cliff strip on the committed fixture (REAL prices, 27 cliffs, 13 evening) (1.751208ms)
✔ charts: chartHTML wraps the SVG with a caption carrying the chip; DOM wrappers keep L0 names (0.208125ms)
✔ charts: y-axis ticks stay distinct on small ranges (judge R0: the naive capacity curve printed "1, 1, 0") (0.172583ms)
✔ format: a bare number throws, a labelled one formats with its chip (10.916584ms)
✔ format: quantized bulk values (0.076875ms)
✔ format: time <-> step across midnight (0.156208ms)
✔ data: parseLink defaults, validation and round trip (1.020334ms)
✔ data: a beat sets every key it names (0.153708ms)
✔ data: real file first, fixture on 404 (and the page is marked) (0.282875ms)
✔ static demo: no absolute http(s) URL in any src, href, import, fetch or url() (vendor excluded) (3.526083ms)
✔ shell: index.html carries the health flags and loads the vendored deck.gl 9.4.0 (1.931834ms)
✔ shell: the stubs export the agreed names (4.332291ms)
✔ topology.json: 1,010 homes, 379 transformers, 96 batteries, focus A-D by id (1.386875ms)
✔ deeplinks: exactly three canaries, one P1, one P2 (the default combo) and view=more (1.326333ms)
✔ deeplinks: one beat line per ui/data/beats.json beat ("<link>&beat=<id>", same order), none without it (0.211875ms)
✔ deeplinks: every P2 combo in p2/index.json, the home= link at its measured top 1, aware_faults at Tc+16 (2.899ms)
✔ transport: 1 simulated minute per 100 ms at 1x, 0.5x-8x (1.4745ms)
✔ naive carries its ASSUMPTION framing (build prompt 3.4); branch names cover the four branches (0.306375ms)
✔ worst transformer, tier counts and battery states at a step come from the JSON (0.383875ms)
✔ ticker: newest first, never ahead of the clock (0.100417ms)
✔ evening stats per transformer: max, minutes above 110% (codes 2-4) and 150% (code 4), protection step (0.095167ms)
✔ gauges: A-D and T-240 from `focus`, % of nameplate = kW / kVA, room from OpenDSS loading (DERIVED) (0.661917ms)
✔ opening step: the link time, else 30 min after the D-26 onset, else the middle (0.182375ms)
✔ strip markers: meta.markers and the branch's fault events, in time order (0.339834ms)
✔ labelled trees (money, ladder): chips on every value, units inherited, a bare headline number throws (10.91925ms)
✔ grid checks: measured, never asserted: "stays in range" only when no home is below 0.95 pu; head as % of 370 A (0.660333ms)
✔ money card: every line labelled, local relief never priced, capacity band only on fleet kW at the peak (0.932583ms)
✔ hero driver: a spike shown as the worst transformer names its home and shared SMART-DS profile, only near the spike (0.206292ms)
✔ scale ladder (judge R1 F2): three rungs, each its words + base chip, shares below 0.1% to 2 significant figures (0.905708ms)
✔ back-feed gauges (judge R1 F6): an exporting can shows export room, from the data (13.574834ms)
✔ relief peak time (judge R1 F7, hero): reliefKW is the peak discharge; the hero says when, from batKW (0.244958ms)
✔ p2: combo ids round-trip over the 16 combos, and counterpart flips the policy (0.85975ms)
✔ p2: findCandidate by home id and via alsoOnTf; rankOf (1.992709ms)
✔ p2: the flip headline appears only when the measured flip supports it (0.114833ms)
✔ p2: fleet counterfactual totals sum per policy (0.779333ms)
✔ p2: the counterfactual sentence is built from data, names the shared driver, and labels every number (10.550875ms)
✔ p2: the counterfactual says "where NOT to put it" and names dark homes only when the data says so (1.892584ms)
✔ p2: a bare number in a candidate fails loudly (format.js throws), never renders unlabelled (0.663708ms)
✔ p2: fixture candidates all render a sentence; bulk values take their series label (25.484625ms)
✔ p2: the scene gets numbered candidate pins and greedy placements as new columns (2.901292ms)
✔ beats.json: envelope, unique ids, the video clock runs 0:00 -> 5:00 with no gaps (0.159042ms)
✔ beats.json: no bare digits in any caption or title (numbers come from data, with labels) (0.531709ms)
✔ beats.json: every placeholder is a known fact or a chip with a valid label (0.177375ms)
✔ beats.json: every link is a valid deep link (view, branch, combo) and the naive beats carry the ASSUMPTION chip (0.453375ms)
✔ beats.json: captions resolve against the committed fixtures, with a label on every value (9.735667ms)
✔ docs/demo-script.md lists every beat with its exact deep link (same ids as beats.json) (0.376459ms)
✔ driver.sharedWith as real objects ({home, label, tf}) reads as names with their transformer (0.80175ms)
✔ L3 shapes: bare untied.n, OpenDSS numbers replace screening numbers in the sentence when refereed (0.653292ms)
✔ faults beat (F6): the caption template asserts no shift or throttle of its own; the clause comes from data (0.147875ms)
✔ faults beat (F6): idle batteries on the hot transformer -> "no charge to shift", never a shift or throttle (0.770875ms)
✔ faults beat (F6): a real throttle is reported as measured (before -> after), and "kept charging" is not a throttle (0.541291ms)
✔ faults beat (F6), REAL data: the clause matches aware_faults focus.C, the path sim.verify p1 prints (6.184583ms)
✔ rebound-aware beat: states the measured order charge reaches A-D (the rotation EXPECT is refuted), no "down the street" claim (6.61125ms)
✔ beats.json on the REAL committed data: every placeholder resolves (no "(not built yet)"), every value labelled (20.383667ms)
✔ ranking table: refereed rows show the OpenDSS peak, screening rows the surrogate (judge R0: no screening mark on OpenDSS-able rows) (3.470834ms)
✔ outside the top 50: the naive standing of feeder-aware #1 comes from flip.movers + index.bridge, labelled (1.39475ms)
✔ footprints.json: ODbL credit, labelled match counts, one ring per matched home id, inside the feeder bbox (6.885667ms)
✔ homes: every home gets a polygon, the real footprint when matched, else a 12 m square (ASSUMPTION) (3.126875ms)
✔ static geometry keeps its identity across frames (deck.gl does not re-tessellate 2,400 footprints per step) (9.769125ms)
✔ zone colour: homes take their transformer's tier code; dark and battery-backup homes override it (1.174375ms)
✔ cans: ghost = 100% of nameplate, fill = loading (pokes out when over), radius ~ sqrt(kVA), 110% ring and 150% cap, open = grey (0.376208ms)
✔ batteries: 96 columns beside their homes, fill = SoC, reserve ring at 20%, colour by state, pulse on a changed command, ! when stale (0.452542ms)
✔ labels: A-D with kVA and room to nameplate (DERIVED), T-240 with no battery; short forms for low zoom (4.89275ms)
✔ back-feed: an exporting can is labelled with its export room, never its charge room (judge R1 F6) (10.657334ms)
✔ exportRoomKW / headroom: export room = sqrt(kVA^2 - Q^2) + P while P < 0; charge room otherwise (0.148833ms)
✔ roomKW: unity-pf room to nameplate from loading and real power; kVA difference without P (0.104083ms)
✔ frames: quantized contract arrays decode (pct x10, kW x10, SoC per mille); k clamps; P2 month peaks (5.062ms)
✔ every branch and step of the committed P1 data builds a valid model (20.870333ms)
✔ camera presets: whole feeder, street A-D (zoom ~18, pitch 55), Northbank T-240 (1.115875ms)
✔ 3D: the translucent ghosts never write depth, so every fill below 100% shows (judge R1 F1) (0.127833ms)
ℹ tests 75
ℹ suites 0
ℹ pass 75
ℹ fail 0
ℹ cancelled 0
ℹ skipped 0
ℹ todo 0
ℹ duration_ms 184.382125
