{
 "timing": {
  "load_s": 0.07,
  "naive_s": 3.89,
  "aware_s": 22.28
 },
 "oneNaiveCoreRevenueUSD": 63.63,
 "10kVA": {
  "count": 1,
  "homes": {
   "n": 1,
   "p10": 1.0,
   "p50": 1.0,
   "p90": 1.0,
   "min": 1.0,
   "max": 1.0
  },
  "capNaive": {
   "n": 1,
   "p10": 0.0,
   "p50": 0.0,
   "p90": 0.0,
   "min": 0.0,
   "max": 0.0
  },
  "capAwareCurtail": {
   "n": 1,
   "p10": 8.0,
   "p50": 8.0,
   "p90": 8.0,
   "min": 8.0,
   "max": 8.0
  },
  "capAware90": {
   "n": 1,
   "p10": 1.0,
   "p50": 1.0,
   "p90": 1.0,
   "min": 1.0,
   "max": 1.0
  },
  "awareRevenueCeilingUSD": {
   "n": 1,
   "p10": 71.31,
   "p50": 71.31,
   "p90": 71.31,
   "min": 71.31,
   "max": 71.31
  },
  "awareK95": {
   "n": 1,
   "p10": 3.0,
   "p50": 3.0,
   "p90": 3.0,
   "min": 3.0,
   "max": 3.0
  },
  "peak0": {
   "n": 1,
   "p10": 55.7,
   "p50": 55.7,
   "p90": 55.7,
   "min": 55.7,
   "max": 55.7
  }
 },
 "25kVA": {
  "count": 138,
  "homes": {
   "n": 138,
   "p10": 1.0,
   "p50": 1.0,
   "p90": 2.0,
   "min": 1.0,
   "max": 2.0
  },
  "capNaive": {
   "n": 138,
   "p10": 0.0,
   "p50": 0.0,
   "p90": 1.0,
   "min": 0.0,
   "max": 1.0
  },
  "capAwareCurtail": {
   "n": 138,
   "p10": 50.0,
   "p50": 50.0,
   "p90": 50.0,
   "min": 30.0,
   "max": 50.0
  },
  "capAware90": {
   "n": 138,
   "p10": 1.0,
   "p50": 2.0,
   "p90": 2.0,
   "min": 1.0,
   "max": 2.0
  },
  "awareRevenueCeilingUSD": {
   "n": 138,
   "p10": 131.902,
   "p50": 142.33,
   "p90": 164.76,
   "min": 115.07,
   "max": 181.34
  },
  "awareK95": {
   "n": 138,
   "p10": 3.0,
   "p50": 3.0,
   "p90": 4.0,
   "min": 3.0,
   "max": 5.0
  },
  "peak0": {
   "n": 138,
   "p10": 40.2,
   "p50": 65.2,
   "p90": 94.99000000000001,
   "min": 21.3,
   "max": 147.0
  }
 },
 "50kVA": {
  "count": 158,
  "homes": {
   "n": 158,
   "p10": 2.0,
   "p50": 3.0,
   "p90": 3.3000000000000114,
   "min": 1.0,
   "max": 4.0
  },
  "capNaive": {
   "n": 158,
   "p10": 1.0,
   "p50": 1.0,
   "p90": 1.0,
   "min": 0.0,
   "max": 2.0
  },
  "capAwareCurtail": {
   "n": 158,
   "p10": 50.0,
   "p50": 50.0,
   "p90": 50.0,
   "min": 6.0,
   "max": 50.0
  },
  "capAware90": {
   "n": 158,
   "p10": 4.0,
   "p50": 4.0,
   "p90": 5.0,
   "min": 3.0,
   "max": 5.0
  },
  "awareRevenueCeilingUSD": {
   "n": 158,
   "p10": 291.315,
   "p50": 312.33,
   "p90": 333.024,
   "min": 264.0,
   "max": 381.34
  },
  "awareK95": {
   "n": 158,
   "p10": 6.0,
   "p50": 7.0,
   "p90": 7.0,
   "min": 6.0,
   "max": 30.0
  },
  "peak0": {
   "n": 158,
   "p10": 51.08,
   "p50": 65.75,
   "p90": 81.95,
   "min": 34.3,
   "max": 100.8
  }
 },
 "75kVA": {
  "count": 81,
  "homes": {
   "n": 81,
   "p10": 4.0,
   "p50": 5.0,
   "p90": 5.0,
   "min": 1.0,
   "max": 6.0
  },
  "capNaive": {
   "n": 81,
   "p10": 1.0,
   "p50": 2.0,
   "p90": 2.0,
   "min": 1.0,
   "max": 3.0
  },
  "capAwareCurtail": {
   "n": 81,
   "p10": 50.0,
   "p50": 50.0,
   "p90": 50.0,
   "min": 10.0,
   "max": 50.0
  },
  "capAware90": {
   "n": 81,
   "p10": 6.0,
   "p50": 7.0,
   "p90": 7.0,
   "min": 6.0,
   "max": 8.0
  },
  "awareRevenueCeilingUSD": {
   "n": 81,
   "p10": 446.87,
   "p50": 480.86,
   "p90": 514.53,
   "min": 405.82,
   "max": 556.37
  },
  "awareK95": {
   "n": 81,
   "p10": 9.0,
   "p50": 10.0,
   "p90": 11.0,
   "min": 8.0,
   "max": 30.0
  },
  "peak0": {
   "n": 81,
   "p10": 53.3,
   "p50": 62.9,
   "p90": 71.8,
   "min": 46.8,
   "max": 93.7
  }
 },
 "150kVA": {
  "count": 1,
  "homes": {
   "n": 1,
   "p10": 1.0,
   "p50": 1.0,
   "p90": 1.0,
   "min": 1.0,
   "max": 1.0
  },
  "capNaive": {
   "n": 1,
   "p10": 4.0,
   "p50": 4.0,
   "p90": 4.0,
   "min": 4.0,
   "max": 4.0
  },
  "capAwareCurtail": {
   "n": 1,
   "p10": 50.0,
   "p50": 50.0,
   "p90": 50.0,
   "min": 50.0,
   "max": 50.0
  },
  "capAware90": {
   "n": 1,
   "p10": 12.0,
   "p50": 12.0,
   "p90": 12.0,
   "min": 12.0,
   "max": 12.0
  },
  "awareRevenueCeilingUSD": {
   "n": 1,
   "p10": 981.82,
   "p50": 981.82,
   "p90": 981.82,
   "min": 981.82,
   "max": 981.82
  },
  "awareK95": {
   "n": 1,
   "p10": 25.0,
   "p50": 25.0,
   "p90": 25.0,
   "min": 25.0,
   "max": 25.0
  },
  "peak0": {
   "n": 1,
   "p10": 45.4,
   "p50": 45.4,
   "p90": 45.4,
   "min": 45.4,
   "max": 45.4
  }
 }
}
