{
 "timing": {
  "load_s": 0.07,
  "naive_s": 3.9,
  "aware_s": 21.49
 },
 "oneNaiveCoreRevenueUSD": 63.63,
 "10kVA": {
  "count": 1,
  "homes": {
   "n": 1,
   "p10": 1.0,
   "p50": 1.0,
   "p90": 1.0,
   "min": 1.0,
   "max": 1.0
  },
  "capNaive": {
   "n": 1,
   "p10": 0.0,
   "p50": 0.0,
   "p90": 0.0,
   "min": 0.0,
   "max": 0.0
  },
  "capAwareCurtail": {
   "n": 1,
   "p10": 20.0,
   "p50": 20.0,
   "p90": 20.0,
   "min": 20.0,
   "max": 20.0
  },
  "capAware90": {
   "n": 1,
   "p10": 1.0,
   "p50": 1.0,
   "p90": 1.0,
   "min": 1.0,
   "max": 1.0
  },
  "awareRevenueCeilingUSD": {
   "n": 1,
   "p10": 66.96,
   "p50": 66.96,
   "p90": 66.96,
   "min": 66.96,
   "max": 66.96
  },
  "awareK95": {
   "n": 1,
   "p10": 2.0,
   "p50": 2.0,
   "p90": 2.0,
   "min": 2.0,
   "max": 2.0
  },
  "peak0": {
   "n": 1,
   "p10": 46.5,
   "p50": 46.5,
   "p90": 46.5,
   "min": 46.5,
   "max": 46.5
  }
 },
 "25kVA": {
  "count": 138,
  "homes": {
   "n": 138,
   "p10": 1.0,
   "p50": 1.0,
   "p90": 2.0,
   "min": 1.0,
   "max": 2.0
  },
  "capNaive": {
   "n": 138,
   "p10": 0.0,
   "p50": 0.0,
   "p90": 1.0,
   "min": 0.0,
   "max": 1.0
  },
  "capAwareCurtail": {
   "n": 138,
   "p10": 50.0,
   "p50": 50.0,
   "p90": 50.0,
   "min": 50.0,
   "max": 50.0
  },
  "capAware90": {
   "n": 138,
   "p10": 1.0,
   "p50": 2.0,
   "p90": 2.0,
   "min": 1.0,
   "max": 2.0
  },
  "awareRevenueCeilingUSD": {
   "n": 138,
   "p10": 128.326,
   "p50": 137.075,
   "p90": 155.06,
   "min": 114.35,
   "max": 169.12
  },
  "awareK95": {
   "n": 138,
   "p10": 3.0,
   "p50": 3.0,
   "p90": 4.0,
   "min": 3.0,
   "max": 5.0
  },
  "peak0": {
   "n": 138,
   "p10": 33.57,
   "p50": 54.3,
   "p90": 78.99000000000001,
   "min": 17.9,
   "max": 122.1
  }
 },
 "50kVA": {
  "count": 158,
  "homes": {
   "n": 158,
   "p10": 2.0,
   "p50": 3.0,
   "p90": 3.3000000000000114,
   "min": 1.0,
   "max": 4.0
  },
  "capNaive": {
   "n": 158,
   "p10": 1.0,
   "p50": 1.0,
   "p90": 2.0,
   "min": 1.0,
   "max": 2.0
  },
  "capAwareCurtail": {
   "n": 158,
   "p10": 50.0,
   "p50": 50.0,
   "p90": 50.0,
   "min": 11.0,
   "max": 50.0
  },
  "capAware90": {
   "n": 158,
   "p10": 4.0,
   "p50": 4.0,
   "p90": 4.0,
   "min": 3.0,
   "max": 5.0
  },
  "awareRevenueCeilingUSD": {
   "n": 158,
   "p10": 279.504,
   "p50": 296.955,
   "p90": 313.82,
   "min": 256.74,
   "max": 372.41
  },
  "awareK95": {
   "n": 158,
   "p10": 6.0,
   "p50": 6.0,
   "p90": 7.0,
   "min": 6.0,
   "max": 12.0
  },
  "peak0": {
   "n": 158,
   "p10": 42.51,
   "p50": 54.7,
   "p90": 68.19,
   "min": 28.6,
   "max": 83.8
  }
 },
 "75kVA": {
  "count": 81,
  "homes": {
   "n": 81,
   "p10": 4.0,
   "p50": 5.0,
   "p90": 5.0,
   "min": 1.0,
   "max": 6.0
  },
  "capNaive": {
   "n": 81,
   "p10": 2.0,
   "p50": 2.0,
   "p90": 2.0,
   "min": 2.0,
   "max": 3.0
  },
  "capAwareCurtail": {
   "n": 81,
   "p10": 50.0,
   "p50": 50.0,
   "p90": 50.0,
   "min": 40.0,
   "max": 50.0
  },
  "capAware90": {
   "n": 81,
   "p10": 6.0,
   "p50": 6.0,
   "p90": 7.0,
   "min": 5.0,
   "max": 8.0
  },
  "awareRevenueCeilingUSD": {
   "n": 81,
   "p10": 427.62,
   "p50": 455.64,
   "p90": 482.86,
   "min": 393.52,
   "max": 540.24
  },
  "awareK95": {
   "n": 81,
   "p10": 9.0,
   "p50": 9.0,
   "p90": 10.0,
   "min": 8.0,
   "max": 15.0
  },
  "peak0": {
   "n": 81,
   "p10": 44.4,
   "p50": 52.4,
   "p90": 59.8,
   "min": 39.0,
   "max": 77.9
  }
 },
 "150kVA": {
  "count": 1,
  "homes": {
   "n": 1,
   "p10": 1.0,
   "p50": 1.0,
   "p90": 1.0,
   "min": 1.0,
   "max": 1.0
  },
  "capNaive": {
   "n": 1,
   "p10": 5.0,
   "p50": 5.0,
   "p90": 5.0,
   "min": 5.0,
   "max": 5.0
  },
  "capAwareCurtail": {
   "n": 1,
   "p10": 50.0,
   "p50": 50.0,
   "p90": 50.0,
   "min": 50.0,
   "max": 50.0
  },
  "capAware90": {
   "n": 1,
   "p10": 12.0,
   "p50": 12.0,
   "p90": 12.0,
   "min": 12.0,
   "max": 12.0
  },
  "awareRevenueCeilingUSD": {
   "n": 1,
   "p10": 928.07,
   "p50": 928.07,
   "p90": 928.07,
   "min": 928.07,
   "max": 928.07
  },
  "awareK95": {
   "n": 1,
   "p10": 20.0,
   "p50": 20.0,
   "p90": 20.0,
   "min": 20.0,
   "max": 20.0
  },
  "peak0": {
   "n": 1,
   "p10": 37.9,
   "p50": 37.9,
   "p90": 37.9,
   "min": 37.9,
   "max": 37.9
  }
 }
}
